
0.0.0,DynamicObstaclesAhead,198.4720916748047|-317.09759521484375|0.01959228515625,202.52171325683594|-341.010986328125|0.01959228515625,27,33,6,,,0.0.1,VehiclesAhead,142.94735717773438|-363.74615478515625|1.0,116.50308227539062|-358.23974609375|0.0,27,45,True,,,0.0.2,DynamicObstaclesAhead,198.5638427734375|-321.0965270996094|0.01959228515625,202.52171325683594|-341.010986328125|0.01959228515625,20,40,4,,,False,FAILURE,SUCCESS,FAILURE,SUCCESS,44.353479189798236,VALID
0.1.0,DynamicObstaclesAhead,198.4720916748047|-317.09759521484375|0.01959228515625,202.52171325683594|-341.010986328125|0.01959228515625,27,33,6,,,0.1.1,VehiclesAhead,142.94735717773438|-363.74615478515625|1.0,116.50308227539062|-358.23974609375|0.0,27,45,True,,,0.1.2,DynamicObstaclesAhead,198.5638427734375|-321.0965270996094|0.01959228515625,202.52171325683594|-341.010986328125|0.01959228515625,20,40,4,,,False,SUCCESS,SUCCESS,SUCCESS,SUCCESS,52.60878532170318,VALID
0.2.0,DynamicObstaclesAhead,198.4720916748047|-317.09759521484375|0.01959228515625,202.52171325683594|-341.010986328125|0.01959228515625,27,33,6,,,0.2.1,VehiclesAhead,142.94735717773438|-363.74615478515625|1.0,116.50308227539062|-358.23974609375|0.0,27,45,True,,,0.2.2,DynamicObstaclesAhead,198.5638427734375|-321.0965270996094|0.01959228515625,202.52171325683594|-341.010986328125|0.01959228515625,20,40,4,,,False,SUCCESS,SUCCESS,SUCCESS,SUCCESS,56.46473913663067,VALID
0.3.0,DynamicObstaclesAhead,198.4720916748047|-317.09759521484375|0.01959228515625,202.52171325683594|-341.010986328125|0.01959228515625,27,33,6,,,0.3.1,VehiclesAhead,142.94735717773438|-363.74615478515625|1.0,116.50308227539062|-358.23974609375|0.0,27,45,True,,,0.3.2,DynamicObstaclesAhead,198.5638427734375|-321.0965270996094|0.01959228515625,202.52171325683594|-341.010986328125|0.01959228515625,20,40,4,,,False,FAILURE,FAILURE,FAILURE,SUCCESS,35.90000999649055,VALID
0.4.0,DynamicObstaclesAhead,198.4720916748047|-317.09759521484375|0.01959228515625,202.52171325683594|-341.010986328125|0.01959228515625,27,33,6,,,0.4.1,VehiclesAhead,142.94735717773438|-363.74615478515625|1.0,116.50308227539062|-358.23974609375|0.0,27,45,True,,,0.4.2,DynamicObstaclesAhead,198.5638427734375|-321.0965270996094|0.01959228515625,202.52171325683594|-341.010986328125|0.01959228515625,20,40,4,,,False,FAILURE,FAILURE,FAILURE,SUCCESS,34.32264246395789,VALID
0.5.0,DynamicObstaclesAhead,198.4720916748047|-317.09759521484375|0.01959228515625,202.52171325683594|-341.010986328125|0.01959228515625,27,33,6,,,0.5.1,VehiclesAhead,142.94735717773438|-363.74615478515625|1.0,116.50308227539062|-358.23974609375|0.0,27,45,True,,,0.5.2,DynamicObstaclesAhead,198.5638427734375|-321.0965270996094|0.01959228515625,202.52171325683594|-341.010986328125|0.01959228515625,20,40,4,,,False,SUCCESS,SUCCESS,SUCCESS,SUCCESS,51.05040893750265,VALID
0.6.0,DynamicObstaclesAhead,198.4720916748047|-317.09759521484375|0.01959228515625,202.52171325683594|-341.010986328125|0.01959228515625,27,33,6,,,0.6.1,VehiclesAhead,142.94735717773438|-363.74615478515625|1.0,116.50308227539062|-358.23974609375|0.0,27,45,True,,,0.6.2,DynamicObstaclesAhead,198.5638427734375|-321.0965270996094|0.01959228515625,202.52171325683594|-341.010986328125|0.01959228515625,20,40,4,,,False,SUCCESS,SUCCESS,SUCCESS,SUCCESS,54.30416811333271,VALID
0.7.0,DynamicObstaclesAhead,198.4720916748047|-317.09759521484375|0.01959228515625,202.52171325683594|-341.010986328125|0.01959228515625,27,33,6,,,0.7.1,VehiclesAhead,142.94735717773438|-363.74615478515625|1.0,116.50308227539062|-358.23974609375|0.0,27,45,True,,,0.7.2,DynamicObstaclesAhead,198.5638427734375|-321.0965270996094|0.01959228515625,202.52171325683594|-341.010986328125|0.01959228515625,20,40,4,,,False,FAILURE,FAILURE,FAILURE,SUCCESS,36.821055844193324,VALID
1.0.0,DynamicObstaclesAhead,198.4720916748047|-317.09759521484375|0.01959228515625,202.52171325683594|-341.010986328125|0.01959228515625,26,39,3,,,1.0.1,CutIn,206.0207977294922|-340.93072509765625|0.01959228515625,202.2923126220703|-331.01361083984375|0.01959228515625,10,20,22,5,left,1.0.2,VehiclesAhead,138.47547912597656|-363.1739501953125|1.0,116.50308227539062|-358.23974609375|0.0,22,39,False,,,False,FAILURE,SUCCESS,FAILURE,SUCCESS,23.178032152354717,VALID
1.1.0,DynamicObstaclesAhead,198.4720916748047|-317.09759521484375|0.01959228515625,202.52171325683594|-341.010986328125|0.01959228515625,26,39,3,,,1.1.1,CutIn,206.0207977294922|-340.93072509765625|0.01959228515625,202.2923126220703|-331.01361083984375|0.01959228515625,10,20,22,5,left,1.1.2,VehiclesAhead,138.47547912597656|-363.1739501953125|1.0,116.50308227539062|-358.23974609375|0.0,22,39,False,,,False,
0.0.0,DynamicObstaclesAhead,198.67852783203125|-326.09521484375|0.01959228515625,202.52171325683594|-341.010986328125|0.01959228515625,15,28,3,,,0.0.1,DynamicObstaclesAhead,198.4720916748047|-317.09759521484375|0.01959228515625,202.52171325683594|-341.010986328125|0.01959228515625,34,37,3,,,0.0.2,CutIn,28.512819290161133|-289.8616943359375|0.0,36.99317932128906|-297.4712829589844|0.0,10,20,21,5,left,False,
0.1.0,DynamicObstaclesAhead,198.67852783203125|-326.09521484375|0.01959228515625,202.52171325683594|-341.010986328125|0.01959228515625,15,28,3,,,0.1.1,DynamicObstaclesAhead,198.4720916748047|-317.09759521484375|0.01959228515625,202.52171325683594|-341.010986328125|0.01959228515625,34,37,3,,,0.1.2,CutIn,28.512819290161133|-289.8616943359375|0.0,36.99317932128906|-297.4712829589844|0.0,10,20,21,5,left,False,
0.0.0,VehiclesAhead,58.67215347290039|-324.08221435546875|1.0,47.655975341796875|-312.17431640625|0.0,16,18,True,,,0.0.1,VehiclesAhead,202.13174438476562|-324.01544189453125|1.01959228515625,202.52171325683594|-341.010986328125|0.01959228515625,16,44,True,,,0.0.2,VehiclesAhead,50.79716110229492|-315.8504943847656|1.0,31.77208709716797|-288.5340270996094|0.0,33,28,False,,,False,
0.1.0,VehiclesAhead,58.67215347290039|-324.08221435546875|1.0,47.655975341796875|-312.17431640625|0.0,16,18,True,,,0.1.1,VehiclesAhead,202.13174438476562|-324.01544189453125|1.01959228515625,202.52171325683594|-341.010986328125|0.01959228515625,16,44,True,,,0.1.2,VehiclesAhead,50.79716110229492|-315.8504943847656|1.0,31.77208709716797|-288.5340270996094|0.0,33,28,False,,,False,FAILURE,FAILURE,FAILURE,SUCCESS,16.356315785786137,VALID
0.2.0,VehiclesAhead,58.67215347290039|-324.08221435546875|1.0,47.655975341796875|-312.17431640625|0.0,16,18,True,,,0.2.1,VehiclesAhead,202.13174438476562|-324.01544189453125|1.01959228515625,202.52171325683594|-341.010986328125|0.01959228515625,16,44,True,,,0.2.2,VehiclesAhead,50.79716110229492|-315.8504943847656|1.0,31.77208709716797|-288.5340270996094|0.0,33,28,False,,,False,
0.3.0,VehiclesAhead,58.67215347290039|-324.08221435546875|1.0,47.655975341796875|-312.17431640625|0.0,16,18,True,,,0.3.1,VehiclesAhead,202.13174438476562|-324.01544189453125|1.01959228515625,202.52171325683594|-341.010986328125|0.01959228515625,16,44,True,,,0.3.2,VehiclesAhead,50.79716110229492|-315.8504943847656|1.0,31.77208709716797|-288.5340270996094|0.0,33,28,False,,,False,
0.0.0,CutIn,28.512819290161133|-289.8616943359375|0.0,36.99317932128906|-297.4712829589844|0.0,10,20,23,5,left,0.0.1,CutIn,44.916404724121094|-314.3534851074219|0.0,54.79631423950195|-320.193115234375|0.0,10,20,30,5,left,0.0.2,VehiclesAhead,133.13612365722656|-362.3034362792969|1.0,116.50308227539062|-358.23974609375|0.0,17,33,True,,,False,
0.1.0,CutIn,28.512819290161133|-289.8616943359375|0.0,36.99317932128906|-297.4712829589844|0.0,10,20,23,5,left,0.1.1,CutIn,44.916404724121094|-314.3534851074219|0.0,54.79631423950195|-320.193115234375|0.0,10,20,30,5,left,0.1.2,VehiclesAhead,133.13612365722656|-362.3034362792969|1.0,116.50308227539062|-358.23974609375|0.0,17,33,True,,,False,
0.0.0,VehiclesAhead,59.3226318359375|-324.7066955566406|1.0,47.655975341796875|-312.17431640625|0.0,17,18,False,,,0.0.1,CutIn,69.81219482421875|-338.2110900878906|0.0,80.74993133544922|-341.5891418457031|0.0,10,20,30,5,left,0.0.2,DynamicObstaclesAhead,198.5638427734375|-321.0965270996094|0.01959228515625,202.52171325683594|-341.010986328125|0.01959228515625,20,34,2,,,False,FAILURE,FAILURE,FAILURE,SUCCESS,36.56685075396672,VALID
0.1.0,VehiclesAhead,59.3226318359375|-324.7066955566406|1.0,47.655975341796875|-312.17431640625|0.0,17,18,False,,,0.1.1,CutIn,69.81219482421875|-338.2110900878906|0.0,80.74993133544922|-341.5891418457031|0.0,10,20,30,5,left,0.1.2,DynamicObstaclesAhead,198.5638427734375|-321.0965270996094|0.01959228515625,202.52171325683594|-341.010986328125|0.01959228515625,20,34,2,,,False,
0.2.0,VehiclesAhead,59.3226318359375|-324.7066955566406|1.0,47.655975341796875|-312.17431640625|0.0,17,18,False,,,0.2.1,CutIn,69.81219482421875|-338.2110900878906|0.0,80.74993133544922|-341.5891418457031|0.0,10,20,30,5,left,0.2.2,DynamicObstaclesAhead,198.5638427734375|-321.0965270996094|0.01959228515625,202.52171325683594|-341.010986328125|0.01959228515625,20,34,2,,,False,
0.3.0,VehiclesAhead,59.3226318359375|-324.7066955566406|1.0,47.655975341796875|-312.17431640625|0.0,17,18,False,,,0.3.1,CutIn,69.81219482421875|-338.2110900878906|0.0,80.74993133544922|-341.5891418457031|0.0,10,20,30,5,left,0.3.2,DynamicObstaclesAhead,198.5638427734375|-321.0965270996094|0.01959228515625,202.52171325683594|-341.010986328125|0.01959228515625,20,34,2,,,False,FAILURE,SUCCESS,FAILURE,SUCCESS,8.971788412192836,VALID
0.4.0,VehiclesAhead,59.3226318359375|-324.7066955566406|1.0,47.655975341796875|-312.17431640625|0.0,17,18,False,,,0.4.1,CutIn,69.81219482421875|-338.2110900878906|0.0,80.74993133544922|-341.5891418457031|0.0,10,20,30,5,left,0.4.2,DynamicObstaclesAhead,198.5638427734375|-321.0965270996094|0.01959228515625,202.52171325683594|-341.010986328125|0.01959228515625,20,34,2,,,False,
0.0.0,VehiclesAhead,160.36375427246094|-364.64013671875|1.0,130.7848663330078|-361.8546142578125|0.0,29,22,False,,,0.0.1,DynamicObstaclesAhead,198.74734497070312|-329.09442138671875|0.01959228515625,202.52171325683594|-341.010986328125|0.01959228515625,11,39,3,,,0.0.2,VehiclesAhead,100.76786041259766|-352.3694763183594|1.0,72.0577392578125|-335.52099609375|0.0,33,25,False,,,False,
0.1.0,VehiclesAhead,160.36375427246094|-364.64013671875|1.0,130.7848663330078|-361.8546142578125|0.0,29,22,False,,,0.1.1,DynamicObstaclesAhead,198.74734497070312|-329.09442138671875|0.01959228515625,202.52171325683594|-341.010986328125|0.01959228515625,11,39,3,,,0.1.2,VehiclesAhead,100.76786041259766|-352.3694763183594|1.0,72.0577392578125|-335.52099609375|0.0,33,25,False,,,False,
0.2.0,VehiclesAhead,160.36375427246094|-364.64013671875|1.0,130.7848663330078|-361.8546142578125|0.0,29,22,False,,,0.2.1,DynamicObstaclesAhead,198.74734497070312|-329.09442138671875|0.01959228515625,202.52171325683594|-341.010986328125|0.01959228515625,11,39,3,,,0.2.2,VehiclesAhead,100.76786041259766|-352.3694763183594|1.0,72.0577392578125|-335.52099609375|0.0,33,25,False,,,False,FAILURE,FAILURE,FAILURE,SUCCESS,31.76914954301901,VALID
0.3.0,VehiclesAhead,160.36375427246094|-364.64013671875|1.0,130.7848663330078|-361.8546142578125|0.0,29,22,False,,,0.3.1,DynamicObstaclesAhead,198.74734497070312|-329.09442138671875|0.01959228515625,202.52171325683594|-341.010986328125|0.01959228515625,11,39,3,,,0.3.2,VehiclesAhead,100.76786041259766|-352.3694763183594|1.0,72.0577392578125|-335.52099609375|0.0,33,25,False,,,False,FAILURE,FAILURE,FAILURE,SUCCESS,28.674578925594687,VALID
0.4.0,VehiclesAhead,160.36375427246094|-364.64013671875|1.0,130.7848663330078|-361.8546142578125|0.0,29,22,False,,,0.4.1,DynamicObstaclesAhead,198.74734497070312|-329.09442138671875|0.01959228515625,202.52171325683594|-341.010986328125|0.01959228515625,11,39,3,,,0.4.2,VehiclesAhead,100.76786041259766|-352.3694763183594|1.0,72.0577392578125|-335.52099609375|0.0,33,25,False,,,False,FAILURE,FAILURE,FAILURE,SUCCESS,30.7918090900057,VALID
0.5.0,VehiclesAhead,160.36375427246094|-364.64013671875|1.0,130.7848663330078|-361.8546142578125|0.0,29,22,False,,,0.5.1,DynamicObstaclesAhead,198.74734497070312|-329.09442138671875|0.01959228515625,202.52171325683594|-341.010986328125|0.01959228515625,11,39,3,,,0.5.2,VehiclesAhead,100.76786041259766|-352.3694763183594|1.0,72.0577392578125|-335.52099609375|0.0,33,25,False,,,False,FAILURE,FAILURE,FAILURE,SUCCESS,30.895904930483084,VALID
0.6.0,VehiclesAhead,160.36375427246094|-364.64013671875|1.0,130.7848663330078|-361.8546142578125|0.0,29,22,False,,,0.6.1,DynamicObstaclesAhead,198.74734497070312|-329.09442138671875|0.01959228515625,202.52171325683594|-341.010986328125|0.01959228515625,11,39,3,,,0.6.2,VehiclesAhead,100.76786041259766|-352.3694763183594|1.0,72.0577392578125|-335.52099609375|0.0,33,25,False,,,False,FAILURE,FAILURE,FAILURE,SUCCESS,28.02643716847524,VALID
0.7.0,VehiclesAhead,160.36375427246094|-364.64013671875|1.0,130.7848663330078|-361.8546142578125|0.0,29,22,False,,,0.7.1,DynamicObstaclesAhead,198.74734497070312|-329.09442138671875|0.01959228515625,202.52171325683594|-341.010986328125|0.01959228515625,11,39,3,,,0.7.2,VehiclesAhead,100.76786041259766|-352.3694763183594|1.0,72.0577392578125|-335.52099609375|0.0,33,25,False,,,False,FAILURE,FAILURE,FAILURE,SUCCESS,28.411455620545894,VALID
0.8.0,VehiclesAhead,160.36375427246094|-364.64013671875|1.0,130.7848663330078|-361.8546142578125|0.0,29,22,False,,,0.8.1,DynamicObstaclesAhead,198.74734497070312|-329.09442138671875|0.01959228515625,202.52171325683594|-341.010986328125|0.01959228515625,11,39,3,,,0.8.2,VehiclesAhead,100.76786041259766|-352.3694763183594|1.0,72.0577392578125|-335.52099609375|0.0,33,25,False,,,False,FAILURE,SUCCESS,FAILURE,SUCCESS,53.43781722756103,VALID
5.0.0,VehiclesAhead,47.864601135253906|-312.42633056640625|1.0,31.77208709716797|-288.5340270996094|0.0,28,15,True,,,5.0.1,CutIn,44.916404724121094|-314.3534851074219|0.0,54.79631423950195|-320.193115234375|0.0,10,20,26,5,left,5.0.2,CutIn,129.93174743652344|-365.2532958984375|0.0,141.2515411376953|-363.54583740234375|0.0,10,20,25,5,left,False,FAILURE,FAILURE,FAILURE,SUCCESS,29.197031878866255,VALID
5.1.0,VehiclesAhead,47.864601135253906|-312.42633056640625|1.0,31.77208709716797|-288.5340270996094|0.0,28,15,True,,,5.1.1,CutIn,44.916404724121094|-314.3534851074219|0.0,54.79631423950195|-320.193115234375|0.0,10,20,26,5,left,5.1.2,CutIn,129.93174743652344|-365.2532958984375|0.0,141.2515411376953|-363.54583740234375|0.0,10,20,25,5,left,False,FAILURE,FAILURE,FAILURE,SUCCESS,25.400993249495514,VALID
5.2.0,VehiclesAhead,47.864601135253906|-312.42633056640625|1.0,31.77208709716797|-288.5340270996094|0.0,28,15,True,,,5.2.1,CutIn,44.916404724121094|-314.3534851074219|0.0,54.79631423950195|-320.193115234375|0.0,10,20,26,5,left,5.2.2,CutIn,129.93174743652344|-365.2532958984375|0.0,141.2515411376953|-363.54583740234375|0.0,10,20,25,5,left,False,FAILURE,FAILURE,FAILURE,SUCCESS,23.704344779718667,VALID
5.3.0,VehiclesAhead,47.864601135253906|-312.42633056640625|1.0,31.77208709716797|-288.5340270996094|0.0,28,15,True,,,5.3.1,CutIn,44.916404724121094|-314.3534851074219|0.0,54.79631423950195|-320.193115234375|0.0,10,20,26,5,left,5.3.2,CutIn,129.93174743652344|-365.2532958984375|0.0,141.2515411376953|-363.54583740234375|0.0,10,20,25,5,left,False,FAILURE,FAILURE,FAILURE,SUCCESS,28.43633711140137,VALID
5.4.0,VehiclesAhead,47.864601135253906|-312.42633056640625|1.0,31.77208709716797|-288.5340270996094|0.0,28,15,True,,,5.4.1,CutIn,44.916404724121094|-314.3534851074219|0.0,54.79631423950195|-320.193115234375|0.0,10,20,26,5,left,5.4.2,CutIn,129.93174743652344|-365.2532958984375|0.0,141.2515411376953|-363.54583740234375|0.0,10,20,25,5,left,False,FAILURE,FAILURE,FAILURE,SUCCESS,28.418192714336328,VALID
5.5.0,VehiclesAhead,47.864601135253906|-312.42633056640625|1.0,31.77208709716797|-288.5340270996094|0.0,28,15,True,,,5.5.1,CutIn,44.916404724121094|-314.3534851074219|0.0,54.79631423950195|-320.193115234375|0.0,10,20,26,5,left,5.5.2,CutIn,129.93174743652344|-365.2532958984375|0.0,141.2515411376953|-363.54583740234375|0.0,10,20,25,5,left,False,FAILURE,FAILURE,FAILURE,SUCCESS,24.672672691056505,VALID
5.6.0,VehiclesAhead,47.864601135253906|-312.42633056640625|1.0,31.77208709716797|-288.5340270996094|0.0,28,15,True,,,5.6.1,CutIn,44.916404724121094|-314.3534851074219|0.0,54.79631423950195|-320.193115234375|0.0,10,20,26,5,left,5.6.2,CutIn,129.93174743652344|-365.2532958984375|0.0,141.2515411376953|-363.54583740234375|0.0,10,20,25,5,left,False,FAILURE,FAILURE,FAILURE,SUCCESS,25.97142281406559,VALID
5.7.0,VehiclesAhead,47.864601135253906|-312.42633056640625|1.0,31.77208709716797|-288.5340270996094|0.0,28,15,True,,,5.7.1,CutIn,44.916404724121094|-314.3534851074219|0.0,54.79631423950195|-320.193115234375|0.0,10,20,26,5,left,5.7.2,CutIn,129.93174743652344|-365.2532958984375|0.0,141.2515411376953|-363.54583740234375|0.0,10,20,25,5,left,False,FAILURE,SUCCESS,FAILURE,SUCCESS,30.43520196567988,INVALID
6.0.0,VehiclesAhead,66.72858428955078|-331.3016662597656|1.0,47.655975341796875|-312.17431640625|0.0,27,44,True,,,6.0.1,VehiclesAhead,146.8465576171875|-364.1300048828125|1.0,130.7848663330078|-361.8546142578125|0.0,16,44,False,,,6.0.2,CutIn,206.0207977294922|-340.93072509765625|0.01959228515625,202.2923126220703|-331.01361083984375|0.01959228515625,10,20,23,5,left,False,FAILURE,SUCCESS,FAILURE,SUCCESS,27.54118098958861,INVALID
6.1.0,VehiclesAhead,66.72858428955078|-331.3016662597656|1.0,47.655975341796875|-312.17431640625|0.0,27,44,True,,,6.1.1,VehiclesAhead,146.8465576171875|-364.1300048828125|1.0,130.7848663330078|-361.8546142578125|0.0,16,44,False,,,6.1.2,CutIn,206.0207977294922|-340.93072509765625|0.01959228515625,202.2923126220703|-331.01361083984375|0.01959228515625,10,20,23,5,left,False,FAILURE,FAILURE,FAILURE,SUCCESS,27.752753030275926,VALID
6.2.0,VehiclesAhead,66.72858428955078|-331.3016662597656|1.0,47.655975341796875|-312.17431640625|0.0,27,44,True,,,6.2.1,VehiclesAhead,146.8465576171875|-364.1300048828125|1.0,130.7848663330078|-361.8546142578125|0.0,16,44,False,,,6.2.2,CutIn,206.0207977294922|-340.93072509765625|0.01959228515625,202.2923126220703|-331.01361083984375|0.01959228515625,10,20,23,5,left,False,FAILURE,FAILURE,FAILURE,SUCCESS,25.93980910128448,VALID
6.3.0,VehiclesAhead,66.72858428955078|-331.3016662597656|1.0,47.655975341796875|-312.17431640625|0.0,27,44,True,,,6.3.1,VehiclesAhead,146.8465576171875|-364.1300048828125|1.0,130.7848663330078|-361.8546142578125|0.0,16,44,False,,,6.3.2,CutIn,206.0207977294922|-340.93072509765625|0.01959228515625,202.2923126220703|-331.01361083984375|0.01959228515625,10,20,23,5,left,False,FAILURE,SUCCESS,FAILURE,SUCCESS,27.884016134776175,INVALID
6.4.0,VehiclesAhead,66.72858428955078|-331.3016662597656|1.0,47.655975341796875|-312.17431640625|0.0,27,44,True,,,6.4.1,VehiclesAhead,146.8465576171875|-364.1300048828125|1.0,130.7848663330078|-361.8546142578125|0.0,16,44,False,,,6.4.2,CutIn,206.0207977294922|-340.93072509765625|0.01959228515625,202.2923126220703|-331.01361083984375|0.01959228515625,10,20,23,5,left,False,FAILURE,SUCCESS,FAILURE,SUCCESS,27.88992956909351,INVALID
6.5.0,VehiclesAhead,66.72858428955078|-331.3016662597656|1.0,47.655975341796875|-312.17431640625|0.0,27,44,True,,,6.5.1,VehiclesAhead,146.8465576171875|-364.1300048828125|1.0,130.7848663330078|-361.8546142578125|0.0,16,44,False,,,6.5.2,CutIn,206.0207977294922|-340.93072509765625|0.01959228515625,202.2923126220703|-331.01361083984375|0.01959228515625,10,20,23,5,left,False,FAILURE,SUCCESS,FAILURE,SUCCESS,26.66309361392632,INVALID
6.6.0,VehiclesAhead,66.72858428955078|-331.3016662597656|1.0,47.655975341796875|-312.17431640625|0.0,27,44,True,,,6.6.1,VehiclesAhead,146.8465576171875|-364.1300048828125|1.0,130.7848663330078|-361.8546142578125|0.0,16,44,False,,,6.6.2,CutIn,206.0207977294922|-340.93072509765625|0.01959228515625,202.2923126220703|-331.01361083984375|0.01959228515625,10,20,23,5,left,False,SUCCESS,SUCCESS,SUCCESS,SUCCESS,56.51491977041587,VALID
6.7.0,VehiclesAhead,66.72858428955078|-331.3016662597656|1.0,47.655975341796875|-312.17431640625|0.0,27,44,True,,,6.7.1,VehiclesAhead,146.8465576171875|-364.1300048828125|1.0,130.7848663330078|-361.8546142578125|0.0,16,44,False,,,6.7.2,CutIn,206.0207977294922|-340.93072509765625|0.01959228515625,202.2923126220703|-331.01361083984375|0.01959228515625,10,20,23,5,left,False,SUCCESS,SUCCESS,SUCCESS,SUCCESS,60.664293932612054,VALID
7.0.0,DynamicObstaclesAhead,198.49502563476562|-318.0973205566406|0.01959228515625,202.52171325683594|-341.010986328125|0.01959228515625,23,43,4,,,7.0.1,DynamicObstaclesAhead,198.4720916748047|-317.09759521484375|0.01959228515625,202.52171325683594|-341.010986328125|0.01959228515625,30,17,2,,,7.0.2,CutIn,129.93174743652344|-365.2532958984375|0.0,141.2515411376953|-363.54583740234375|0.0,10,20,30,5,left,False,FAILURE,FAILURE,FAILURE,SUCCESS,44.316743060946465,VALID
7.1.0,DynamicObstaclesAhead,198.49502563476562|-318.0973205566406|0.01959228515625,202.52171325683594|-341.010986328125|0.01959228515625,23,43,4,,,7.1.1,DynamicObstaclesAhead,198.4720916748047|-317.09759521484375|0.01959228515625,202.52171325683594|-341.010986328125|0.01959228515625,30,17,2,,,7.1.2,CutIn,129.93174743652344|-365.2532958984375|0.0,141.2515411376953|-363.54583740234375|0.0,10,20,30,5,left,False,SUCCESS,SUCCESS,SUCCESS,SUCCESS,48.02710470720194,VALID
7.2.0,DynamicObstaclesAhead,198.49502563476562|-318.0973205566406|0.01959228515625,202.52171325683594|-341.010986328125|0.01959228515625,23,43,4,,,7.2.1,DynamicObstaclesAhead,198.4720916748047|-317.09759521484375|0.01959228515625,202.52171325683594|-341.010986328125|0.01959228515625,30,17,2,,,7.2.2,CutIn,129.93174743652344|-365.2532958984375|0.0,141.2515411376953|-363.54583740234375|0.0,10,20,30,5,left,False,SUCCESS,SUCCESS,SUCCESS,SUCCESS,47.28624935133848,VALID
7.3.0,DynamicObstaclesAhead,198.49502563476562|-318.0973205566406|0.01959228515625,202.52171325683594|-341.010986328125|0.01959228515625,23,43,4,,,7.3.1,DynamicObstaclesAhead,198.4720916748047|-317.09759521484375|0.01959228515625,202.52171325683594|-341.010986328125|0.01959228515625,30,17,2,,,7.3.2,CutIn,129.93174743652344|-365.2532958984375|0.0,141.2515411376953|-363.54583740234375|0.0,10,20,30,5,left,False,FAILURE,SUCCESS,FAILURE,SUCCESS,46.765522565227,VALID
7.4.0,DynamicObstaclesAhead,198.49502563476562|-318.0973205566406|0.01959228515625,202.52171325683594|-341.010986328125|0.01959228515625,23,43,4,,,7.4.1,DynamicObstaclesAhead,198.4720916748047|-317.09759521484375|0.01959228515625,202.52171325683594|-341.010986328125|0.01959228515625,30,17,2,,,7.4.2,CutIn,129.93174743652344|-365.2532958984375|0.0,141.2515411376953|-363.54583740234375|0.0,10,20,30,5,left,False,FAILURE,FAILURE,FAILURE,SUCCESS,47.11093471175991,VALID
7.5.0,DynamicObstaclesAhead,198.49502563476562|-318.0973205566406|0.01959228515625,202.52171325683594|-341.010986328125|0.01959228515625,23,43,4,,,7.5.1,DynamicObstaclesAhead,198.4720916748047|-317.09759521484375|0.01959228515625,202.52171325683594|-341.010986328125|0.01959228515625,30,17,2,,,7.5.2,CutIn,129.93174743652344|-365.2532958984375|0.0,141.2515411376953|-363.54583740234375|0.0,10,20,30,5,left,False,FAILURE,FAILURE,FAILURE,SUCCESS,34.45795322791673,VALID
7.6.0,DynamicObstaclesAhead,198.49502563476562|-318.0973205566406|0.01959228515625,202.52171325683594|-341.010986328125|0.01959228515625,23,43,4,,,7.6.1,DynamicObstaclesAhead,198.4720916748047|-317.09759521484375|0.01959228515625,202.52171325683594|-341.010986328125|0.01959228515625,30,17,2,,,7.6.2,CutIn,129.93174743652344|-365.2532958984375|0.0,141.2515411376953|-363.54583740234375|0.0,10,20,30,5,left,False,FAILURE,FAILURE,FAILURE,SUCCESS,34.36301755020395,VALID
7.7.0,DynamicObstaclesAhead,198.49502563476562|-318.0973205566406|0.01959228515625,202.52171325683594|-341.010986328125|0.01959228515625,23,43,4,,,7.7.1,DynamicObstaclesAhead,198.4720916748047|-317.09759521484375|0.01959228515625,202.52171325683594|-341.010986328125|0.01959228515625,30,17,2,,,7.7.2,CutIn,129.93174743652344|-365.2532958984375|0.0,141.2515411376953|-363.54583740234375|0.0,10,20,30,5,left,False,
8.0.0,CutIn,129.93174743652344|-365.2532958984375|0.0,141.2515411376953|-363.54583740234375|0.0,10,20,26,5,left,8.0.1,DynamicObstaclesAhead,198.4720916748047|-317.09759521484375|0.01959228515625,202.52171325683594|-341.010986328125|0.01959228515625,50,21,2,,,8.0.2,DynamicObstaclesAhead,198.5638427734375|-321.0965270996094|0.01959228515625,202.52171325683594|-341.010986328125|0.01959228515625,20,43,4,,,False,FAILURE,SUCCESS,FAILURE,SUCCESS,45.30128958332352,VALID
8.1.0,CutIn,129.93174743652344|-365.2532958984375|0.0,141.2515411376953|-363.54583740234375|0.0,10,20,26,5,left,8.1.1,DynamicObstaclesAhead,198.4720916748047|-317.09759521484375|0.01959228515625,202.52171325683594|-341.010986328125|0.01959228515625,50,21,2,,,8.1.2,DynamicObstaclesAhead,198.5638427734375|-321.0965270996094|0.01959228515625,202.52171325683594|-341.010986328125|0.01959228515625,20,43,4,,,False,FAILURE,SUCCESS,FAILURE,SUCCESS,44.1148285556701,VALID
8.2.0,CutIn,129.93174743652344|-365.2532958984375|0.0,141.2515411376953|-363.54583740234375|0.0,10,20,26,5,left,8.2.1,DynamicObstaclesAhead,198.4720916748047|-317.09759521484375|0.01959228515625,202.52171325683594|-341.010986328125|0.01959228515625,50,21,2,,,8.2.2,DynamicObstaclesAhead,198.5638427734375|-321.0965270996094|0.01959228515625,202.52171325683594|-341.010986328125|0.01959228515625,20,43,4,,,False,SUCCESS,SUCCESS,SUCCESS,SUCCESS,49.120075794286095,VALID
8.3.0,CutIn,129.93174743652344|-365.2532958984375|0.0,141.2515411376953|-363.54583740234375|0.0,10,20,26,5,left,8.3.1,DynamicObstaclesAhead,198.4720916748047|-317.09759521484375|0.01959228515625,202.52171325683594|-341.010986328125|0.01959228515625,50,21,2,,,8.3.2,DynamicObstaclesAhead,198.5638427734375|-321.0965270996094|0.01959228515625,202.52171325683594|-341.010986328125|0.01959228515625,20,43,4,,,False,SUCCESS,SUCCESS,SUCCESS,SUCCESS,47.811657185142394,VALID
8.4.0,CutIn,129.93174743652344|-365.2532958984375|0.0,141.2515411376953|-363.54583740234375|0.0,10,20,26,5,left,8.4.1,DynamicObstaclesAhead,198.4720916748047|-317.09759521484375|0.01959228515625,202.52171325683594|-341.010986328125|0.01959228515625,50,21,2,,,8.4.2,DynamicObstaclesAhead,198.5638427734375|-321.0965270996094|0.01959228515625,202.52171325683594|-341.010986328125|0.01959228515625,20,43,4,,,False,SUCCESS,SUCCESS,SUCCESS,SUCCESS,55.222669103881344,VALID
8.5.0,CutIn,129.93174743652344|-365.2532958984375|0.0,141.2515411376953|-363.54583740234375|0.0,10,20,26,5,left,8.5.1,DynamicObstaclesAhead,198.4720916748047|-317.09759521484375|0.01959228515625,202.52171325683594|-341.010986328125|0.01959228515625,50,21,2,,,8.5.2,DynamicObstaclesAhead,198.5638427734375|-321.0965270996094|0.01959228515625,202.52171325683594|-341.010986328125|0.01959228515625,20,43,4,,,False,SUCCESS,SUCCESS,SUCCESS,SUCCESS,55.16076949913986,VALID
8.6.0,CutIn,129.93174743652344|-365.2532958984375|0.0,141.2515411376953|-363.54583740234375|0.0,10,20,26,5,left,8.6.1,DynamicObstaclesAhead,198.4720916748047|-317.09759521484375|0.01959228515625,202.52171325683594|-341.010986328125|0.01959228515625,50,21,2,,,8.6.2,DynamicObstaclesAhead,198.5638427734375|-321.0965270996094|0.01959228515625,202.52171325683594|-341.010986328125|0.01959228515625,20,43,4,,,False,SUCCESS,SUCCESS,SUCCESS,SUCCESS,41.765559138031676,VALID
8.7.0,CutIn,129.93174743652344|-365.2532958984375|0.0,141.2515411376953|-363.54583740234375|0.0,10,20,26,5,left,8.7.1,DynamicObstaclesAhead,198.4720916748047|-317.09759521484375|0.01959228515625,202.52171325683594|-341.010986328125|0.01959228515625,50,21,2,,,8.7.2,DynamicObstaclesAhead,198.5638427734375|-321.0965270996094|0.01959228515625,202.52171325683594|-341.010986328125|0.01959228515625,20,43,4,,,False,SUCCESS,SUCCESS,SUCCESS,SUCCESS,42.03295627608895,VALID
9.0.0,VehiclesAhead,93.43799591064453|-348.88897705078125|1.0,72.0577392578125|-335.52099609375|0.0,25,27,True,,,9.0.1,CutIn,28.512819290161133|-289.8616943359375|0.0,36.99317932128906|-297.4712829589844|0.0,10,20,22,5,left,9.0.2,DynamicObstaclesAhead,198.4720916748047|-317.09759521484375|0.01959228515625,202.52171325683594|-341.010986328125|0.01959228515625,25,20,5,,,False,FAILURE,FAILURE,FAILURE,SUCCESS,30.586173144285567,VALID
9.1.0,VehiclesAhead,93.43799591064453|-348.88897705078125|1.0,72.0577392578125|-335.52099609375|0.0,25,27,True,,,9.1.1,CutIn,28.512819290161133|-289.8616943359375|0.0,36.99317932128906|-297.4712829589844|0.0,10,20,22,5,left,9.1.2,DynamicObstaclesAhead,198.4720916748047|-317.09759521484375|0.01959228515625,202.52171325683594|-341.010986328125|0.01959228515625,25,20,5,,,False,FAILURE,FAILURE,FAILURE,SUCCESS,35.1890895429533,VALID
9.2.0,VehiclesAhead,93.43799591064453|-348.88897705078125|1.0,72.0577392578125|-335.52099609375|0.0,25,27,True,,,9.2.1,CutIn,28.512819290161133|-289.8616943359375|0.0,36.99317932128906|-297.4712829589844|0.0,10,20,22,5,left,9.2.2,DynamicObstaclesAhead,198.4720916748047|-317.09759521484375|0.01959228515625,202.52171325683594|-341.010986328125|0.01959228515625,25,20,5,,,False,FAILURE,FAILURE,FAILURE,SUCCESS,28.386250263429247,VALID
9.3.0,VehiclesAhead,93.43799591064453|-348.88897705078125|1.0,72.0577392578125|-335.52099609375|0.0,25,27,True,,,9.3.1,CutIn,28.512819290161133|-289.8616943359375|0.0,36.99317932128906|-297.4712829589844|0.0,10,20,22,5,left,9.3.2,DynamicObstaclesAhead,198.4720916748047|-317.09759521484375|0.01959228515625,202.52171325683594|-341.010986328125|0.01959228515625,25,20,5,,,False,FAILURE,FAILURE,FAILURE,SUCCESS,29.522784567030612,VALID
9.4.0,VehiclesAhead,93.43799591064453|-348.88897705078125|1.0,72.0577392578125|-335.52099609375|0.0,25,27,True,,,9.4.1,CutIn,28.512819290161133|-289.8616943359375|0.0,36.99317932128906|-297.4712829589844|0.0,10,20,22,5,left,9.4.2,DynamicObstaclesAhead,198.4720916748047|-317.09759521484375|0.01959228515625,202.52171325683594|-341.010986328125|0.01959228515625,25,20,5,,,False,FAILURE,FAILURE,FAILURE,SUCCESS,33.3575096745044,VALID
9.5.0,VehiclesAhead,93.43799591064453|-348.88897705078125|1.0,72.0577392578125|-335.52099609375|0.0,25,27,True,,,9.5.1,CutIn,28.512819290161133|-289.8616943359375|0.0,36.99317932128906|-297.4712829589844|0.0,10,20,22,5,left,9.5.2,DynamicObstaclesAhead,198.4720916748047|-317.09759521484375|0.01959228515625,202.52171325683594|-341.010986328125|0.01959228515625,25,20,5,,,False,FAILURE,FAILURE,FAILURE,SUCCESS,32.29592618683819,VALID
9.6.0,VehiclesAhead,93.43799591064453|-348.88897705078125|1.0,72.0577392578125|-335.52099609375|0.0,25,27,True,,,9.6.1,CutIn,28.512819290161133|-289.8616943359375|0.0,36.99317932128906|-297.4712829589844|0.0,10,20,22,5,left,9.6.2,DynamicObstaclesAhead,198.4720916748047|-317.09759521484375|0.01959228515625,202.52171325683594|-341.010986328125|0.01959228515625,25,20,5,,,False,SUCCESS,SUCCESS,SUCCESS,SUCCESS,53.582736601587385,VALID
9.7.0,VehiclesAhead,93.43799591064453|-348.88897705078125|1.0,72.0577392578125|-335.52099609375|0.0,25,27,True,,,9.7.1,CutIn,28.512819290161133|-289.8616943359375|0.0,36.99317932128906|-297.4712829589844|0.0,10,20,22,5,left,9.7.2,DynamicObstaclesAhead,198.4720916748047|-317.09759521484375|0.01959228515625,202.52171325683594|-341.010986328125|0.01959228515625,25,20,5,,,False,SUCCESS,SUCCESS,SUCCESS,SUCCESS,51.89127453323454,VALID
10.0.0,DynamicObstaclesAhead,198.60971069335938|-323.09600830078125|0.01959228515625,202.52171325683594|-341.010986328125|0.01959228515625,18,40,4,,,10.0.1,CutIn,206.0207977294922|-340.93072509765625|0.01959228515625,202.2923126220703|-331.01361083984375|0.01959228515625,10,20,20,5,left,10.0.2,CutIn,28.512819290161133|-289.8616943359375|0.0,36.99317932128906|-297.4712829589844|0.0,10,20,30,5,left,False,FAILURE,SUCCESS,FAILURE,SUCCESS,44.77675821923185,VALID
10.1.0,DynamicObstaclesAhead,198.60971069335938|-323.09600830078125|0.01959228515625,202.52171325683594|-341.010986328125|0.01959228515625,18,40,4,,,10.1.1,CutIn,206.0207977294922|-340.93072509765625|0.01959228515625,202.2923126220703|-331.01361083984375|0.01959228515625,10,20,20,5,left,10.1.2,CutIn,28.512819290161133|-289.8616943359375|0.0,36.99317932128906|-297.4712829589844|0.0,10,20,30,5,left,False,SUCCESS,SUCCESS,SUCCESS,SUCCESS,56.40801957168151,VALID
10.2.0,DynamicObstaclesAhead,198.60971069335938|-323.09600830078125|0.01959228515625,202.52171325683594|-341.010986328125|0.01959228515625,18,40,4,,,10.2.1,CutIn,206.0207977294922|-340.93072509765625|0.01959228515625,202.2923126220703|-331.01361083984375|0.01959228515625,10,20,20,5,left,10.2.2,CutIn,28.512819290161133|-289.8616943359375|0.0,36.99317932128906|-297.4712829589844|0.0,10,20,30,5,left,False,SUCCESS,SUCCESS,SUCCESS,SUCCESS,47.698744317749515,VALID
10.3.0,DynamicObstaclesAhead,198.60971069335938|-323.09600830078125|0.01959228515625,202.52171325683594|-341.010986328125|0.01959228515625,18,40,4,,,10.3.1,CutIn,206.0207977294922|-340.93072509765625|0.01959228515625,202.2923126220703|-331.01361083984375|0.01959228515625,10,20,20,5,left,10.3.2,CutIn,28.512819290161133|-289.8616943359375|0.0,36.99317932128906|-297.4712829589844|0.0,10,20,30,5,left,False,FAILURE,SUCCESS,FAILURE,SUCCESS,40.665017649531364,VALID
10.4.0,DynamicObstaclesAhead,198.60971069335938|-323.09600830078125|0.01959228515625,202.52171325683594|-341.010986328125|0.01959228515625,18,40,4,,,10.4.1,CutIn,206.0207977294922|-340.93072509765625|0.01959228515625,202.2923126220703|-331.01361083984375|0.01959228515625,10,20,20,5,left,10.4.2,CutIn,28.512819290161133|-289.8616943359375|0.0,36.99317932128906|-297.4712829589844|0.0,10,20,30,5,left,False,FAILURE,SUCCESS,FAILURE,SUCCESS,47.095470418804325,VALID
10.5.0,DynamicObstaclesAhead,198.60971069335938|-323.09600830078125|0.01959228515625,202.52171325683594|-341.010986328125|0.01959228515625,18,40,4,,,10.5.1,CutIn,206.0207977294922|-340.93072509765625|0.01959228515625,202.2923126220703|-331.01361083984375|0.01959228515625,10,20,20,5,left,10.5.2,CutIn,28.512819290161133|-289.8616943359375|0.0,36.99317932128906|-297.4712829589844|0.0,10,20,30,5,left,False,SUCCESS,SUCCESS,SUCCESS,SUCCESS,56.29757911665365,VALID
10.6.0,DynamicObstaclesAhead,198.60971069335938|-323.09600830078125|0.01959228515625,202.52171325683594|-341.010986328125|0.01959228515625,18,40,4,,,10.6.1,CutIn,206.0207977294922|-340.93072509765625|0.01959228515625,202.2923126220703|-331.01361083984375|0.01959228515625,10,20,20,5,left,10.6.2,CutIn,28.512819290161133|-289.8616943359375|0.0,36.99317932128906|-297.4712829589844|0.0,10,20,30,5,left,False,SUCCESS,SUCCESS,SUCCESS,SUCCESS,42.02489420538768,VALID
10.7.0,DynamicObstaclesAhead,198.60971069335938|-323.09600830078125|0.01959228515625,202.52171325683594|-341.010986328125|0.01959228515625,18,40,4,,,10.7.1,CutIn,206.0207977294922|-340.93072509765625|0.01959228515625,202.2923126220703|-331.01361083984375|0.01959228515625,10,20,20,5,left,10.7.2,CutIn,28.512819290161133|-289.8616943359375|0.0,36.99317932128906|-297.4712829589844|0.0,10,20,30,5,left,False,SUCCESS,SUCCESS,SUCCESS,SUCCESS,41.81902593461564,VALID
11.0.0,CutIn,115.19667053222656|-361.4992370605469|0.0,126.60017395019531|-360.9552001953125|0.0,10,20,29,5,left,11.0.1,DynamicObstaclesAhead,198.4720916748047|-317.09759521484375|0.01959228515625,202.52171325683594|-341.010986328125|0.01959228515625,35,32,6,,,11.0.2,DynamicObstaclesAhead,198.4720916748047|-317.09759521484375|0.01959228515625,202.52171325683594|-341.010986328125|0.01959228515625,38,19,3,,,False,FAILURE,FAILURE,FAILURE,SUCCESS,42.44409048173111,VALID
11.1.0,CutIn,115.19667053222656|-361.4992370605469|0.0,126.60017395019531|-360.9552001953125|0.0,10,20,29,5,left,11.1.1,DynamicObstaclesAhead,198.4720916748047|-317.09759521484375|0.01959228515625,202.52171325683594|-341.010986328125|0.01959228515625,35,32,6,,,11.1.2,DynamicObstaclesAhead,198.4720916748047|-317.09759521484375|0.01959228515625,202.52171325683594|-341.010986328125|0.01959228515625,38,19,3,,,False,SUCCESS,SUCCESS,SUCCESS,SUCCESS,49.84764086594805,VALID
11.2.0,CutIn,115.19667053222656|-361.4992370605469|0.0,126.60017395019531|-360.9552001953125|0.0,10,20,29,5,left,11.2.1,DynamicObstaclesAhead,198.4720916748047|-317.09759521484375|0.01959228515625,202.52171325683594|-341.010986328125|0.01959228515625,35,32,6,,,11.2.2,DynamicObstaclesAhead,198.4720916748047|-317.09759521484375|0.01959228515625,202.52171325683594|-341.010986328125|0.01959228515625,38,19,3,,,False,FAILURE,FAILURE,FAILURE,SUCCESS,36.765055934898555,VALID
11.3.0,CutIn,115.19667053222656|-361.4992370605469|0.0,126.60017395019531|-360.9552001953125|0.0,10,20,29,5,left,11.3.1,DynamicObstaclesAhead,198.4720916748047|-317.09759521484375|0.01959228515625,202.52171325683594|-341.010986328125|0.01959228515625,35,32,6,,,11.3.2,DynamicObstaclesAhead,198.4720916748047|-317.09759521484375|0.01959228515625,202.52171325683594|-341.010986328125|0.01959228515625,38,19,3,,,False,FAILURE,FAILURE,FAILURE,SUCCESS,38.30222429241985,VALID
11.4.0,CutIn,115.19667053222656|-361.4992370605469|0.0,126.60017395019531|-360.9552001953125|0.0,10,20,29,5,left,11.4.1,DynamicObstaclesAhead,198.4720916748047|-317.09759521484375|0.01959228515625,202.52171325683594|-341.010986328125|0.01959228515625,35,32,6,,,11.4.2,DynamicObstaclesAhead,198.4720916748047|-317.09759521484375|0.01959228515625,202.52171325683594|-341.010986328125|0.01959228515625,38,19,3,,,False,FAILURE,FAILURE,FAILURE,SUCCESS,44.34326306916773,VALID
11.5.0,CutIn,115.19667053222656|-361.4992370605469|0.0,126.60017395019531|-360.9552001953125|0.0,10,20,29,5,left,11.5.1,DynamicObstaclesAhead,198.4720916748047|-317.09759521484375|0.01959228515625,202.52171325683594|-341.010986328125|0.01959228515625,35,32,6,,,11.5.2,DynamicObstaclesAhead,198.4720916748047|-317.09759521484375|0.01959228515625,202.52171325683594|-341.010986328125|0.01959228515625,38,19,3,,,False,FAILURE,FAILURE,FAILURE,SUCCESS,45.721816945588216,VALID
11.6.0,CutIn,115.19667053222656|-361.4992370605469|0.0,126.60017395019531|-360.9552001953125|0.0,10,20,29,5,left,11.6.1,DynamicObstaclesAhead,198.4720916748047|-317.09759521484375|0.01959228515625,202.52171325683594|-341.010986328125|0.01959228515625,35,32,6,,,11.6.2,DynamicObstaclesAhead,198.4720916748047|-317.09759521484375|0.01959228515625,202.52171325683594|-341.010986328125|0.01959228515625,38,19,3,,,False,FAILURE,FAILURE,FAILURE,SUCCESS,33.936150102410465,VALID
11.7.0,CutIn,115.19667053222656|-361.4992370605469|0.0,126.60017395019531|-360.9552001953125|0.0,10,20,29,5,left,11.7.1,DynamicObstaclesAhead,198.4720916748047|-317.09759521484375|0.01959228515625,202.52171325683594|-341.010986328125|0.01959228515625,35,32,6,,,11.7.2,DynamicObstaclesAhead,198.4720916748047|-317.09759521484375|0.01959228515625,202.52171325683594|-341.010986328125|0.01959228515625,38,19,3,,,False,FAILURE,FAILURE,FAILURE,SUCCESS,33.98575961380266,VALID
12.0.0,DynamicObstaclesAhead,198.63265991210938|-324.0957336425781|0.01959228515625,202.52171325683594|-341.010986328125|0.01959228515625,16,21,6,,,12.0.1,CutIn,44.916404724121094|-314.3534851074219|0.0,54.79631423950195|-320.193115234375|0.0,10,20,22,5,left,12.0.2,DynamicObstaclesAhead,198.4720916748047|-317.09759521484375|0.01959228515625,202.52171325683594|-341.010986328125|0.01959228515625,35,48,5,,,False,FAILURE,SUCCESS,FAILURE,SUCCESS,42.547627015039325,VALID
12.1.0,DynamicObstaclesAhead,198.63265991210938|-324.0957336425781|0.01959228515625,202.52171325683594|-341.010986328125|0.01959228515625,16,21,6,,,12.1.1,CutIn,44.916404724121094|-314.3534851074219|0.0,54.79631423950195|-320.193115234375|0.0,10,20,22,5,left,12.1.2,DynamicObstaclesAhead,198.4720916748047|-317.09759521484375|0.01959228515625,202.52171325683594|-341.010986328125|0.01959228515625,35,48,5,,,False,FAILURE,SUCCESS,FAILURE,SUCCESS,42.89655848068651,VALID
12.2.0,DynamicObstaclesAhead,198.63265991210938|-324.0957336425781|0.01959228515625,202.52171325683594|-341.010986328125|0.01959228515625,16,21,6,,,12.2.1,CutIn,44.916404724121094|-314.3534851074219|0.0,54.79631423950195|-320.193115234375|0.0,10,20,22,5,left,12.2.2,DynamicObstaclesAhead,198.4720916748047|-317.09759521484375|0.01959228515625,202.52171325683594|-341.010986328125|0.01959228515625,35,48,5,,,False,FAILURE,SUCCESS,FAILURE,SUCCESS,41.73326672031544,VALID
12.3.0,DynamicObstaclesAhead,198.63265991210938|-324.0957336425781|0.01959228515625,202.52171325683594|-341.010986328125|0.01959228515625,16,21,6,,,12.3.1,CutIn,44.916404724121094|-314.3534851074219|0.0,54.79631423950195|-320.193115234375|0.0,10,20,22,5,left,12.3.2,DynamicObstaclesAhead,198.4720916748047|-317.09759521484375|0.01959228515625,202.52171325683594|-341.010986328125|0.01959228515625,35,48,5,,,False,FAILURE,SUCCESS,FAILURE,SUCCESS,41.66747866960941,VALID
12.4.0,DynamicObstaclesAhead,198.63265991210938|-324.0957336425781|0.01959228515625,202.52171325683594|-341.010986328125|0.01959228515625,16,21,6,,,12.4.1,CutIn,44.916404724121094|-314.3534851074219|0.0,54.79631423950195|-320.193115234375|0.0,10,20,22,5,left,12.4.2,DynamicObstaclesAhead,198.4720916748047|-317.09759521484375|0.01959228515625,202.52171325683594|-341.010986328125|0.01959228515625,35,48,5,,,False,FAILURE,SUCCESS,FAILURE,SUCCESS,47.106008551316336,VALID
12.5.0,DynamicObstaclesAhead,198.63265991210938|-324.0957336425781|0.01959228515625,202.52171325683594|-341.010986328125|0.01959228515625,16,21,6,,,12.5.1,CutIn,44.916404724121094|-314.3534851074219|0.0,54.79631423950195|-320.193115234375|0.0,10,20,22,5,left,12.5.2,DynamicObstaclesAhead,198.4720916748047|-317.09759521484375|0.01959228515625,202.52171325683594|-341.010986328125|0.01959228515625,35,48,5,,,False,FAILURE,SUCCESS,FAILURE,SUCCESS,47.044165283907205,VALID
12.6.0,DynamicObstaclesAhead,198.63265991210938|-324.0957336425781|0.01959228515625,202.52171325683594|-341.010986328125|0.01959228515625,16,21,6,,,12.6.1,CutIn,44.916404724121094|-314.3534851074219|0.0,54.79631423950195|-320.193115234375|0.0,10,20,22,5,left,12.6.2,DynamicObstaclesAhead,198.4720916748047|-317.09759521484375|0.01959228515625,202.52171325683594|-341.010986328125|0.01959228515625,35,48,5,,,False,SUCCESS,SUCCESS,SUCCESS,SUCCESS,42.53942756203469,VALID
12.7.0,DynamicObstaclesAhead,198.63265991210938|-324.0957336425781|0.01959228515625,202.52171325683594|-341.010986328125|0.01959228515625,16,21,6,,,12.7.1,CutIn,44.916404724121094|-314.3534851074219|0.0,54.79631423950195|-320.193115234375|0.0,10,20,22,5,left,12.7.2,DynamicObstaclesAhead,198.4720916748047|-317.09759521484375|0.01959228515625,202.52171325683594|-341.010986328125|0.01959228515625,35,48,5,,,False,SUCCESS,SUCCESS,SUCCESS,SUCCESS,40.51850947912317,VALID
13.0.0,DynamicObstaclesAhead,198.5638427734375|-321.0965270996094|0.01959228515625,202.52171325683594|-341.010986328125|0.01959228515625,20,41,4,,,13.0.1,VehiclesAhead,73.83968353271484|-336.8434753417969|1.0,47.655975341796875|-312.17431640625|0.0,36,15,False,,,13.0.2,VehiclesAhead,115.09559631347656|-357.7981262207031|1.0,72.0577392578125|-335.52099609375|0.0,48,31,False,,,False,SUCCESS,SUCCESS,SUCCESS,SUCCESS,58.581227888586,VALID
13.1.0,DynamicObstaclesAhead,198.5638427734375|-321.0965270996094|0.01959228515625,202.52171325683594|-341.010986328125|0.01959228515625,20,41,4,,,13.1.1,VehiclesAhead,73.83968353271484|-336.8434753417969|1.0,47.655975341796875|-312.17431640625|0.0,36,15,False,,,13.1.2,VehiclesAhead,115.09559631347656|-357.7981262207031|1.0,72.0577392578125|-335.52099609375|0.0,48,31,False,,,False,SUCCESS,SUCCESS,SUCCESS,SUCCESS,57.976456929929554,VALID
13.2.0,DynamicObstaclesAhead,198.5638427734375|-321.0965270996094|0.01959228515625,202.52171325683594|-341.010986328125|0.01959228515625,20,41,4,,,13.2.1,VehiclesAhead,73.83968353271484|-336.8434753417969|1.0,47.655975341796875|-312.17431640625|0.0,36,15,False,,,13.2.2,VehiclesAhead,115.09559631347656|-357.7981262207031|1.0,72.0577392578125|-335.52099609375|0.0,48,31,False,,,False,FAILURE,SUCCESS,FAILURE,SUCCESS,44.55290308780968,VALID
13.3.0,DynamicObstaclesAhead,198.5638427734375|-321.0965270996094|0.01959228515625,202.52171325683594|-341.010986328125|0.01959228515625,20,41,4,,,13.3.1,VehiclesAhead,73.83968353271484|-336.8434753417969|1.0,47.655975341796875|-312.17431640625|0.0,36,15,False,,,13.3.2,VehiclesAhead,115.09559631347656|-357.7981262207031|1.0,72.0577392578125|-335.52099609375|0.0,48,31,False,,,False,SUCCESS,SUCCESS,SUCCESS,SUCCESS,52.6195136239985,VALID
13.4.0,DynamicObstaclesAhead,198.5638427734375|-321.0965270996094|0.01959228515625,202.52171325683594|-341.010986328125|0.01959228515625,20,41,4,,,13.4.1,VehiclesAhead,73.83968353271484|-336.8434753417969|1.0,47.655975341796875|-312.17431640625|0.0,36,15,False,,,13.4.2,VehiclesAhead,115.09559631347656|-357.7981262207031|1.0,72.0577392578125|-335.52099609375|0.0,48,31,False,,,False,FAILURE,SUCCESS,FAILURE,SUCCESS,49.887608642689884,VALID
13.5.0,DynamicObstaclesAhead,198.5638427734375|-321.0965270996094|0.01959228515625,202.52171325683594|-341.010986328125|0.01959228515625,20,41,4,,,13.5.1,VehiclesAhead,73.83968353271484|-336.8434753417969|1.0,47.655975341796875|-312.17431640625|0.0,36,15,False,,,13.5.2,VehiclesAhead,115.09559631347656|-357.7981262207031|1.0,72.0577392578125|-335.52099609375|0.0,48,31,False,,,False,SUCCESS,SUCCESS,SUCCESS,SUCCESS,59.75219727563672,VALID
13.6.0,DynamicObstaclesAhead,198.5638427734375|-321.0965270996094|0.01959228515625,202.52171325683594|-341.010986328125|0.01959228515625,20,41,4,,,13.6.1,VehiclesAhead,73.83968353271484|-336.8434753417969|1.0,47.655975341796875|-312.17431640625|0.0,36,15,False,,,13.6.2,VehiclesAhead,115.09559631347656|-357.7981262207031|1.0,72.0577392578125|-335.52099609375|0.0,48,31,False,,,False,SUCCESS,SUCCESS,SUCCESS,SUCCESS,47.072321385727264,VALID
13.7.0,DynamicObstaclesAhead,198.5638427734375|-321.0965270996094|0.01959228515625,202.52171325683594|-341.010986328125|0.01959228515625,20,41,4,,,13.7.1,VehiclesAhead,73.83968353271484|-336.8434753417969|1.0,47.655975341796875|-312.17431640625|0.0,36,15,False,,,13.7.2,VehiclesAhead,115.09559631347656|-357.7981262207031|1.0,72.0577392578125|-335.52099609375|0.0,48,31,False,,,False,FAILURE,FAILURE,FAILURE,SUCCESS,37.63310192537028,VALID
14.0.0,VehiclesAhead,201.97117614746094|-317.0173034667969|1.01959228515625,202.52171325683594|-341.010986328125|0.01959228515625,24,16,True,,,14.0.1,CutIn,129.93174743652344|-365.2532958984375|0.0,141.2515411376953|-363.54583740234375|0.0,10,20,21,5,left,14.0.2,DynamicObstaclesAhead,198.4720916748047|-317.09759521484375|0.01959228515625,202.52171325683594|-341.010986328125|0.01959228515625,33,49,6,,,False,SUCCESS,SUCCESS,SUCCESS,SUCCESS,49.77329491823912,VALID
14.1.0,VehiclesAhead,201.97117614746094|-317.0173034667969|1.01959228515625,202.52171325683594|-341.010986328125|0.01959228515625,24,16,True,,,14.1.1,CutIn,129.93174743652344|-365.2532958984375|0.0,141.2515411376953|-363.54583740234375|0.0,10,20,21,5,left,14.1.2,DynamicObstaclesAhead,198.4720916748047|-317.09759521484375|0.01959228515625,202.52171325683594|-341.010986328125|0.01959228515625,33,49,6,,,False,SUCCESS,SUCCESS,SUCCESS,SUCCESS,48.726343805668876,VALID
14.2.0,VehiclesAhead,201.97117614746094|-317.0173034667969|1.01959228515625,202.52171325683594|-341.010986328125|0.01959228515625,24,16,True,,,14.2.1,CutIn,129.93174743652344|-365.2532958984375|0.0,141.2515411376953|-363.54583740234375|0.0,10,20,21,5,left,14.2.2,DynamicObstaclesAhead,198.4720916748047|-317.09759521484375|0.01959228515625,202.52171325683594|-341.010986328125|0.01959228515625,33,49,6,,,False,SUCCESS,SUCCESS,SUCCESS,SUCCESS,45.96812215668615,VALID
14.3.0,VehiclesAhead,201.97117614746094|-317.0173034667969|1.01959228515625,202.52171325683594|-341.010986328125|0.01959228515625,24,16,True,,,14.3.1,CutIn,129.93174743652344|-365.2532958984375|0.0,141.2515411376953|-363.54583740234375|0.0,10,20,21,5,left,14.3.2,DynamicObstaclesAhead,198.4720916748047|-317.09759521484375|0.01959228515625,202.52171325683594|-341.010986328125|0.01959228515625,33,49,6,,,False,SUCCESS,SUCCESS,SUCCESS,SUCCESS,45.904196966672316,VALID
14.4.0,VehiclesAhead,201.97117614746094|-317.0173034667969|1.01959228515625,202.52171325683594|-341.010986328125|0.01959228515625,24,16,True,,,14.4.1,CutIn,129.93174743652344|-365.2532958984375|0.0,141.2515411376953|-363.54583740234375|0.0,10,20,21,5,left,14.4.2,DynamicObstaclesAhead,198.4720916748047|-317.09759521484375|0.01959228515625,202.52171325683594|-341.010986328125|0.01959228515625,33,49,6,,,False,SUCCESS,SUCCESS,SUCCESS,SUCCESS,53.05272414465435,VALID
14.5.0,VehiclesAhead,201.97117614746094|-317.0173034667969|1.01959228515625,202.52171325683594|-341.010986328125|0.01959228515625,24,16,True,,,14.5.1,CutIn,129.93174743652344|-365.2532958984375|0.0,141.2515411376953|-363.54583740234375|0.0,10,20,21,5,left,14.5.2,DynamicObstaclesAhead,198.4720916748047|-317.09759521484375|0.01959228515625,202.52171325683594|-341.010986328125|0.01959228515625,33,49,6,,,False,SUCCESS,SUCCESS,SUCCESS,SUCCESS,53.094180517829955,VALID
14.6.0,VehiclesAhead,201.97117614746094|-317.0173034667969|1.01959228515625,202.52171325683594|-341.010986328125|0.01959228515625,24,16,True,,,14.6.1,CutIn,129.93174743652344|-365.2532958984375|0.0,141.2515411376953|-363.54583740234375|0.0,10,20,21,5,left,14.6.2,DynamicObstaclesAhead,198.4720916748047|-317.09759521484375|0.01959228515625,202.52171325683594|-341.010986328125|0.01959228515625,33,49,6,,,False,SUCCESS,SUCCESS,SUCCESS,SUCCESS,40.88813667325303,VALID
14.7.0,VehiclesAhead,201.97117614746094|-317.0173034667969|1.01959228515625,202.52171325683594|-341.010986328125|0.01959228515625,24,16,True,,,14.7.1,CutIn,129.93174743652344|-365.2532958984375|0.0,141.2515411376953|-363.54583740234375|0.0,10,20,21,5,left,14.7.2,DynamicObstaclesAhead,198.4720916748047|-317.09759521484375|0.01959228515625,202.52171325683594|-341.010986328125|0.01959228515625,33,49,6,,,False,SUCCESS,SUCCESS,SUCCESS,SUCCESS,40.99195724283345,VALID
15.0.0,VehiclesAhead,164.01829528808594|-364.608154296875|1.0,116.50308227539062|-358.23974609375|0.0,48,43,True,,,15.0.1,DynamicObstaclesAhead,198.4720916748047|-317.09759521484375|0.01959228515625,202.52171325683594|-341.010986328125|0.01959228515625,46,45,5,,,15.0.2,DynamicObstaclesAhead,198.63265991210938|-324.0957336425781|0.01959228515625,202.52171325683594|-341.010986328125|0.01959228515625,17,35,6,,,False,FAILURE,SUCCESS,FAILURE,FAILURE,80.0060881874524,VALID
15.1.0,VehiclesAhead,164.01829528808594|-364.608154296875|1.0,116.50308227539062|-358.23974609375|0.0,48,43,True,,,15.1.1,DynamicObstaclesAhead,198.4720916748047|-317.09759521484375|0.01959228515625,202.52171325683594|-341.010986328125|0.01959228515625,46,45,5,,,15.1.2,DynamicObstaclesAhead,198.63265991210938|-324.0957336425781|0.01959228515625,202.52171325683594|-341.010986328125|0.01959228515625,17,35,6,,,False,FAILURE,SUCCESS,FAILURE,SUCCESS,44.98518005438382,VALID
15.2.0,VehiclesAhead,164.01829528808594|-364.608154296875|1.0,116.50308227539062|-358.23974609375|0.0,48,43,True,,,15.2.1,DynamicObstaclesAhead,198.4720916748047|-317.09759521484375|0.01959228515625,202.52171325683594|-341.010986328125|0.01959228515625,46,45,5,,,15.2.2,DynamicObstaclesAhead,198.63265991210938|-324.0957336425781|0.01959228515625,202.52171325683594|-341.010986328125|0.01959228515625,17,35,6,,,False,FAILURE,SUCCESS,FAILURE,SUCCESS,42.86176715255715,VALID
15.3.0,VehiclesAhead,164.01829528808594|-364.608154296875|1.0,116.50308227539062|-358.23974609375|0.0,48,43,True,,,15.3.1,DynamicObstaclesAhead,198.4720916748047|-317.09759521484375|0.01959228515625,202.52171325683594|-341.010986328125|0.01959228515625,46,45,5,,,15.3.2,DynamicObstaclesAhead,198.63265991210938|-324.0957336425781|0.01959228515625,202.52171325683594|-341.010986328125|0.01959228515625,17,35,6,,,False,FAILURE,SUCCESS,FAILURE,SUCCESS,42.78714898065664,VALID
15.4.0,VehiclesAhead,164.01829528808594|-364.608154296875|1.0,116.50308227539062|-358.23974609375|0.0,48,43,True,,,15.4.1,DynamicObstaclesAhead,198.4720916748047|-317.09759521484375|0.01959228515625,202.52171325683594|-341.010986328125|0.01959228515625,46,45,5,,,15.4.2,DynamicObstaclesAhead,198.63265991210938|-324.0957336425781|0.01959228515625,202.52171325683594|-341.010986328125|0.01959228515625,17,35,6,,,False,FAILURE,SUCCESS,FAILURE,SUCCESS,46.95801891188603,VALID
15.5.0,VehiclesAhead,164.01829528808594|-364.608154296875|1.0,116.50308227539062|-358.23974609375|0.0,48,43,True,,,15.5.1,DynamicObstaclesAhead,198.4720916748047|-317.09759521484375|0.01959228515625,202.52171325683594|-341.010986328125|0.01959228515625,46,45,5,,,15.5.2,DynamicObstaclesAhead,198.63265991210938|-324.0957336425781|0.01959228515625,202.52171325683594|-341.010986328125|0.01959228515625,17,35,6,,,False,FAILURE,SUCCESS,FAILURE,SUCCESS,47.1823991285637,VALID
15.6.0,VehiclesAhead,164.01829528808594|-364.608154296875|1.0,116.50308227539062|-358.23974609375|0.0,48,43,True,,,15.6.1,DynamicObstaclesAhead,198.4720916748047|-317.09759521484375|0.01959228515625,202.52171325683594|-341.010986328125|0.01959228515625,46,45,5,,,15.6.2,DynamicObstaclesAhead,198.63265991210938|-324.0957336425781|0.01959228515625,202.52171325683594|-341.010986328125|0.01959228515625,17,35,6,,,False,SUCCESS,SUCCESS,SUCCESS,SUCCESS,46.95508416928351,VALID
15.7.0,VehiclesAhead,164.01829528808594|-364.608154296875|1.0,116.50308227539062|-358.23974609375|0.0,48,43,True,,,15.7.1,DynamicObstaclesAhead,198.4720916748047|-317.09759521484375|0.01959228515625,202.52171325683594|-341.010986328125|0.01959228515625,46,45,5,,,15.7.2,DynamicObstaclesAhead,198.63265991210938|-324.0957336425781|0.01959228515625,202.52171325683594|-341.010986328125|0.01959228515625,17,35,6,,,False,FAILURE,SUCCESS,FAILURE,SUCCESS,39.82955765770748,VALID
16.0.0,DynamicObstaclesAhead,198.60971069335938|-323.09600830078125|0.01959228515625,202.52171325683594|-341.010986328125|0.01959228515625,18,36,2,,,16.0.1,VehiclesAhead,201.99411010742188|-318.01702880859375|1.01959228515625,202.52171325683594|-341.010986328125|0.01959228515625,23,24,True,,,16.0.2,DynamicObstaclesAhead,198.4720916748047|-317.09759521484375|0.01959228515625,202.52171325683594|-341.010986328125|0.01959228515625,25,22,3,,,False,FAILURE,SUCCESS,FAILURE,SUCCESS,43.414933290332556,VALID
16.1.0,DynamicObstaclesAhead,198.60971069335938|-323.09600830078125|0.01959228515625,202.52171325683594|-341.010986328125|0.01959228515625,18,36,2,,,16.1.1,VehiclesAhead,201.99411010742188|-318.01702880859375|1.01959228515625,202.52171325683594|-341.010986328125|0.01959228515625,23,24,True,,,16.1.2,DynamicObstaclesAhead,198.4720916748047|-317.09759521484375|0.01959228515625,202.52171325683594|-341.010986328125|0.01959228515625,25,22,3,,,False,FAILURE,SUCCESS,FAILURE,SUCCESS,43.6608266425319,VALID
16.2.0,DynamicObstaclesAhead,198.60971069335938|-323.09600830078125|0.01959228515625,202.52171325683594|-341.010986328125|0.01959228515625,18,36,2,,,16.2.1,VehiclesAhead,201.99411010742188|-318.01702880859375|1.01959228515625,202.52171325683594|-341.010986328125|0.01959228515625,23,24,True,,,16.2.2,DynamicObstaclesAhead,198.4720916748047|-317.09759521484375|0.01959228515625,202.52171325683594|-341.010986328125|0.01959228515625,25,22,3,,,False,FAILURE,SUCCESS,FAILURE,SUCCESS,41.707584496820346,VALID
16.3.0,DynamicObstaclesAhead,198.60971069335938|-323.09600830078125|0.01959228515625,202.52171325683594|-341.010986328125|0.01959228515625,18,36,2,,,16.3.1,VehiclesAhead,201.99411010742188|-318.01702880859375|1.01959228515625,202.52171325683594|-341.010986328125|0.01959228515625,23,24,True,,,16.3.2,DynamicObstaclesAhead,198.4720916748047|-317.09759521484375|0.01959228515625,202.52171325683594|-341.010986328125|0.01959228515625,25,22,3,,,False,FAILURE,SUCCESS,FAILURE,SUCCESS,41.9386192439124,VALID
16.4.0,DynamicObstaclesAhead,198.60971069335938|-323.09600830078125|0.01959228515625,202.52171325683594|-341.010986328125|0.01959228515625,18,36,2,,,16.4.1,VehiclesAhead,201.99411010742188|-318.01702880859375|1.01959228515625,202.52171325683594|-341.010986328125|0.01959228515625,23,24,True,,,16.4.2,DynamicObstaclesAhead,198.4720916748047|-317.09759521484375|0.01959228515625,202.52171325683594|-341.010986328125|0.01959228515625,25,22,3,,,False,FAILURE,SUCCESS,FAILURE,SUCCESS,47.12215763516724,VALID
16.5.0,DynamicObstaclesAhead,198.60971069335938|-323.09600830078125|0.01959228515625,202.52171325683594|-341.010986328125|0.01959228515625,18,36,2,,,16.5.1,VehiclesAhead,201.99411010742188|-318.01702880859375|1.01959228515625,202.52171325683594|-341.010986328125|0.01959228515625,23,24,True,,,16.5.2,DynamicObstaclesAhead,198.4720916748047|-317.09759521484375|0.01959228515625,202.52171325683594|-341.010986328125|0.01959228515625,25,22,3,,,False,FAILURE,SUCCESS,FAILURE,SUCCESS,47.361551724839956,VALID
16.6.0,DynamicObstaclesAhead,198.60971069335938|-323.09600830078125|0.01959228515625,202.52171325683594|-341.010986328125|0.01959228515625,18,36,2,,,16.6.1,VehiclesAhead,201.99411010742188|-318.01702880859375|1.01959228515625,202.52171325683594|-341.010986328125|0.01959228515625,23,24,True,,,16.6.2,DynamicObstaclesAhead,198.4720916748047|-317.09759521484375|0.01959228515625,202.52171325683594|-341.010986328125|0.01959228515625,25,22,3,,,False,FAILURE,FAILURE,FAILURE,SUCCESS,35.0372812487185,VALID
16.7.0,DynamicObstaclesAhead,198.60971069335938|-323.09600830078125|0.01959228515625,202.52171325683594|-341.010986328125|0.01959228515625,18,36,2,,,16.7.1,VehiclesAhead,201.99411010742188|-318.01702880859375|1.01959228515625,202.52171325683594|-341.010986328125|0.01959228515625,23,24,True,,,16.7.2,DynamicObstaclesAhead,198.4720916748047|-317.09759521484375|0.01959228515625,202.52171325683594|-341.010986328125|0.01959228515625,25,22,3,,,False,FAILURE,FAILURE,FAILURE,SUCCESS,34.934829228091985,VALID
17.0.0,DynamicObstaclesAhead,198.4720916748047|-317.09759521484375|0.01959228515625,202.52171325683594|-341.010986328125|0.01959228515625,44,35,5,,,17.0.1,DynamicObstaclesAhead,198.4720916748047|-317.09759521484375|0.01959228515625,202.52171325683594|-341.010986328125|0.01959228515625,29,20,3,,,17.0.2,VehiclesAhead,176.36314392089844|-364.5001220703125|1.0,130.7848663330078|-361.8546142578125|0.0,45,41,True,,,False,FAILURE,FAILURE,FAILURE,SUCCESS,43.35618340817746,VALID
17.1.0,DynamicObstaclesAhead,198.4720916748047|-317.09759521484375|0.01959228515625,202.52171325683594|-341.010986328125|0.01959228515625,44,35,5,,,17.1.1,DynamicObstaclesAhead,198.4720916748047|-317.09759521484375|0.01959228515625,202.52171325683594|-341.010986328125|0.01959228515625,29,20,3,,,17.1.2,VehiclesAhead,176.36314392089844|-364.5001220703125|1.0,130.7848663330078|-361.8546142578125|0.0,45,41,True,,,False,FAILURE,FAILURE,FAILURE,SUCCESS,46.72690224170219,VALID
17.2.0,DynamicObstaclesAhead,198.4720916748047|-317.09759521484375|0.01959228515625,202.52171325683594|-341.010986328125|0.01959228515625,44,35,5,,,17.2.1,DynamicObstaclesAhead,198.4720916748047|-317.09759521484375|0.01959228515625,202.52171325683594|-341.010986328125|0.01959228515625,29,20,3,,,17.2.2,VehiclesAhead,176.36314392089844|-364.5001220703125|1.0,130.7848663330078|-361.8546142578125|0.0,45,41,True,,,False,SUCCESS,SUCCESS,SUCCESS,SUCCESS,48.168372021755204,VALID
17.3.0,DynamicObstaclesAhead,198.4720916748047|-317.09759521484375|0.01959228515625,202.52171325683594|-341.010986328125|0.01959228515625,44,35,5,,,17.3.1,DynamicObstaclesAhead,198.4720916748047|-317.09759521484375|0.01959228515625,202.52171325683594|-341.010986328125|0.01959228515625,29,20,3,,,17.3.2,VehiclesAhead,176.36314392089844|-364.5001220703125|1.0,130.7848663330078|-361.8546142578125|0.0,45,41,True,,,False,FAILURE,FAILURE,FAILURE,SUCCESS,36.88242681673728,VALID
17.4.0,DynamicObstaclesAhead,198.4720916748047|-317.09759521484375|0.01959228515625,202.52171325683594|-341.010986328125|0.01959228515625,44,35,5,,,17.4.1,DynamicObstaclesAhead,198.4720916748047|-317.09759521484375|0.01959228515625,202.52171325683594|-341.010986328125|0.01959228515625,29,20,3,,,17.4.2,VehiclesAhead,176.36314392089844|-364.5001220703125|1.0,130.7848663330078|-361.8546142578125|0.0,45,41,True,,,False,FAILURE,FAILURE,FAILURE,SUCCESS,44.253691253834404,VALID
17.5.0,DynamicObstaclesAhead,198.4720916748047|-317.09759521484375|0.01959228515625,202.52171325683594|-341.010986328125|0.01959228515625,44,35,5,,,17.5.1,DynamicObstaclesAhead,198.4720916748047|-317.09759521484375|0.01959228515625,202.52171325683594|-341.010986328125|0.01959228515625,29,20,3,,,17.5.2,VehiclesAhead,176.36314392089844|-364.5001220703125|1.0,130.7848663330078|-361.8546142578125|0.0,45,41,True,,,False,FAILURE,FAILURE,FAILURE,SUCCESS,44.389573116612155,VALID
17.6.0,DynamicObstaclesAhead,198.4720916748047|-317.09759521484375|0.01959228515625,202.52171325683594|-341.010986328125|0.01959228515625,44,35,5,,,17.6.1,DynamicObstaclesAhead,198.4720916748047|-317.09759521484375|0.01959228515625,202.52171325683594|-341.010986328125|0.01959228515625,29,20,3,,,17.6.2,VehiclesAhead,176.36314392089844|-364.5001220703125|1.0,130.7848663330078|-361.8546142578125|0.0,45,41,True,,,False,FAILURE,FAILURE,FAILURE,SUCCESS,37.8326175569091,VALID
17.7.0,DynamicObstaclesAhead,198.4720916748047|-317.09759521484375|0.01959228515625,202.52171325683594|-341.010986328125|0.01959228515625,44,35,5,,,17.7.1,DynamicObstaclesAhead,198.4720916748047|-317.09759521484375|0.01959228515625,202.52171325683594|-341.010986328125|0.01959228515625,29,20,3,,,17.7.2,VehiclesAhead,176.36314392089844|-364.5001220703125|1.0,130.7848663330078|-361.8546142578125|0.0,45,41,True,,,False,FAILURE,FAILURE,FAILURE,SUCCESS,25.84141097543761,VALID
18.0.0,CutIn,129.93174743652344|-365.2532958984375|0.0,141.2515411376953|-363.54583740234375|0.0,10,20,22,5,left,18.0.1,VehiclesAhead,201.97117614746094|-317.0173034667969|1.01959228515625,202.52171325683594|-341.010986328125|0.01959228515625,43,48,True,,,18.0.2,DynamicObstaclesAhead,198.4720916748047|-317.09759521484375|0.01959228515625,202.52171325683594|-341.010986328125|0.01959228515625,42,42,3,,,False,FAILURE,FAILURE,FAILURE,SUCCESS,39.954415562562644,VALID
18.1.0,CutIn,129.93174743652344|-365.2532958984375|0.0,141.2515411376953|-363.54583740234375|0.0,10,20,22,5,left,18.1.1,VehiclesAhead,201.97117614746094|-317.0173034667969|1.01959228515625,202.52171325683594|-341.010986328125|0.01959228515625,43,48,True,,,18.1.2,DynamicObstaclesAhead,198.4720916748047|-317.09759521484375|0.01959228515625,202.52171325683594|-341.010986328125|0.01959228515625,42,42,3,,,False,FAILURE,FAILURE,FAILURE,SUCCESS,40.03562340361532,VALID
18.2.0,CutIn,129.93174743652344|-365.2532958984375|0.0,141.2515411376953|-363.54583740234375|0.0,10,20,22,5,left,18.2.1,VehiclesAhead,201.97117614746094|-317.0173034667969|1.01959228515625,202.52171325683594|-341.010986328125|0.01959228515625,43,48,True,,,18.2.2,DynamicObstaclesAhead,198.4720916748047|-317.09759521484375|0.01959228515625,202.52171325683594|-341.010986328125|0.01959228515625,42,42,3,,,False,FAILURE,FAILURE,FAILURE,SUCCESS,38.300909458543174,VALID
18.3.0,CutIn,129.93174743652344|-365.2532958984375|0.0,141.2515411376953|-363.54583740234375|0.0,10,20,22,5,left,18.3.1,VehiclesAhead,201.97117614746094|-317.0173034667969|1.01959228515625,202.52171325683594|-341.010986328125|0.01959228515625,43,48,True,,,18.3.2,DynamicObstaclesAhead,198.4720916748047|-317.09759521484375|0.01959228515625,202.52171325683594|-341.010986328125|0.01959228515625,42,42,3,,,False,FAILURE,FAILURE,FAILURE,SUCCESS,38.398998337681405,VALID
18.4.0,CutIn,129.93174743652344|-365.2532958984375|0.0,141.2515411376953|-363.54583740234375|0.0,10,20,22,5,left,18.4.1,VehiclesAhead,201.97117614746094|-317.0173034667969|1.01959228515625,202.52171325683594|-341.010986328125|0.01959228515625,43,48,True,,,18.4.2,DynamicObstaclesAhead,198.4720916748047|-317.09759521484375|0.01959228515625,202.52171325683594|-341.010986328125|0.01959228515625,42,42,3,,,False,FAILURE,FAILURE,FAILURE,SUCCESS,44.304147601360455,VALID
18.5.0,CutIn,129.93174743652344|-365.2532958984375|0.0,141.2515411376953|-363.54583740234375|0.0,10,20,22,5,left,18.5.1,VehiclesAhead,201.97117614746094|-317.0173034667969|1.01959228515625,202.52171325683594|-341.010986328125|0.01959228515625,43,48,True,,,18.5.2,DynamicObstaclesAhead,198.4720916748047|-317.09759521484375|0.01959228515625,202.52171325683594|-341.010986328125|0.01959228515625,42,42,3,,,False,FAILURE,FAILURE,FAILURE,SUCCESS,44.38954508327879,VALID
18.6.0,CutIn,129.93174743652344|-365.2532958984375|0.0,141.2515411376953|-363.54583740234375|0.0,10,20,22,5,left,18.6.1,VehiclesAhead,201.97117614746094|-317.0173034667969|1.01959228515625,202.52171325683594|-341.010986328125|0.01959228515625,43,48,True,,,18.6.2,DynamicObstaclesAhead,198.4720916748047|-317.09759521484375|0.01959228515625,202.52171325683594|-341.010986328125|0.01959228515625,42,42,3,,,False,FAILURE,FAILURE,FAILURE,SUCCESS,33.93834305880591,VALID
18.7.0,CutIn,129.93174743652344|-365.2532958984375|0.0,141.2515411376953|-363.54583740234375|0.0,10,20,22,5,left,18.7.1,VehiclesAhead,201.97117614746094|-317.0173034667969|1.01959228515625,202.52171325683594|-341.010986328125|0.01959228515625,43,48,True,,,18.7.2,DynamicObstaclesAhead,198.4720916748047|-317.09759521484375|0.01959228515625,202.52171325683594|-341.010986328125|0.01959228515625,42,42,3,,,False,FAILURE,FAILURE,FAILURE,SUCCESS,33.932308693183586,VALID
19.0.0,DynamicObstaclesAhead,198.60971069335938|-323.09600830078125|0.01959228515625,202.52171325683594|-341.010986328125|0.01959228515625,18,18,5,,,19.0.1,VehiclesAhead,141.46548461914062|-363.572265625|1.0,130.7848663330078|-361.8546142578125|0.0,10,25,True,,,19.0.2,DynamicObstaclesAhead,198.49502563476562|-318.0973205566406|0.01959228515625,202.52171325683594|-341.010986328125|0.01959228515625,23,30,2,,,False,FAILURE,SUCCESS,FAILURE,SUCCESS,52.410297682043165,VALID
19.1.0,DynamicObstaclesAhead,198.60971069335938|-323.09600830078125|0.01959228515625,202.52171325683594|-341.010986328125|0.01959228515625,18,18,5,,,19.1.1,VehiclesAhead,141.46548461914062|-363.572265625|1.0,130.7848663330078|-361.8546142578125|0.0,10,25,True,,,19.1.2,DynamicObstaclesAhead,198.49502563476562|-318.0973205566406|0.01959228515625,202.52171325683594|-341.010986328125|0.01959228515625,23,30,2,,,False,FAILURE,SUCCESS,FAILURE,SUCCESS,50.70182149973698,VALID
19.2.0,DynamicObstaclesAhead,198.60971069335938|-323.09600830078125|0.01959228515625,202.52171325683594|-341.010986328125|0.01959228515625,18,18,5,,,19.2.1,VehiclesAhead,141.46548461914062|-363.572265625|1.0,130.7848663330078|-361.8546142578125|0.0,10,25,True,,,19.2.2,DynamicObstaclesAhead,198.49502563476562|-318.0973205566406|0.01959228515625,202.52171325683594|-341.010986328125|0.01959228515625,23,30,2,,,False,FAILURE,SUCCESS,FAILURE,SUCCESS,45.951725745690055,VALID
19.3.0,DynamicObstaclesAhead,198.60971069335938|-323.09600830078125|0.01959228515625,202.52171325683594|-341.010986328125|0.01959228515625,18,18,5,,,19.3.1,VehiclesAhead,141.46548461914062|-363.572265625|1.0,130.7848663330078|-361.8546142578125|0.0,10,25,True,,,19.3.2,DynamicObstaclesAhead,198.49502563476562|-318.0973205566406|0.01959228515625,202.52171325683594|-341.010986328125|0.01959228515625,23,30,2,,,False,FAILURE,SUCCESS,FAILURE,SUCCESS,46.89480171399191,VALID
19.4.0,DynamicObstaclesAhead,198.60971069335938|-323.09600830078125|0.01959228515625,202.52171325683594|-341.010986328125|0.01959228515625,18,18,5,,,19.4.1,VehiclesAhead,141.46548461914062|-363.572265625|1.0,130.7848663330078|-361.8546142578125|0.0,10,25,True,,,19.4.2,DynamicObstaclesAhead,198.49502563476562|-318.0973205566406|0.01959228515625,202.52171325683594|-341.010986328125|0.01959228515625,23,30,2,,,False,FAILURE,SUCCESS,FAILURE,SUCCESS,49.26277318317443,VALID
19.5.0,DynamicObstaclesAhead,198.60971069335938|-323.09600830078125|0.01959228515625,202.52171325683594|-341.010986328125|0.01959228515625,18,18,5,,,19.5.1,VehiclesAhead,141.46548461914062|-363.572265625|1.0,130.7848663330078|-361.8546142578125|0.0,10,25,True,,,19.5.2,DynamicObstaclesAhead,198.49502563476562|-318.0973205566406|0.01959228515625,202.52171325683594|-341.010986328125|0.01959228515625,23,30,2,,,False,FAILURE,SUCCESS,FAILURE,SUCCESS,49.11673702648841,VALID
19.6.0,DynamicObstaclesAhead,198.60971069335938|-323.09600830078125|0.01959228515625,202.52171325683594|-341.010986328125|0.01959228515625,18,18,5,,,19.6.1,VehiclesAhead,141.46548461914062|-363.572265625|1.0,130.7848663330078|-361.8546142578125|0.0,10,25,True,,,19.6.2,DynamicObstaclesAhead,198.49502563476562|-318.0973205566406|0.01959228515625,202.52171325683594|-341.010986328125|0.01959228515625,23,30,2,,,False,FAILURE,FAILURE,FAILURE,SUCCESS,22.896967801032588,VALID
19.7.0,DynamicObstaclesAhead,198.60971069335938|-323.09600830078125|0.01959228515625,202.52171325683594|-341.010986328125|0.01959228515625,18,18,5,,,19.7.1,VehiclesAhead,141.46548461914062|-363.572265625|1.0,130.7848663330078|-361.8546142578125|0.0,10,25,True,,,19.7.2,DynamicObstaclesAhead,198.49502563476562|-318.0973205566406|0.01959228515625,202.52171325683594|-341.010986328125|0.01959228515625,23,30,2,,,False,FAILURE,FAILURE,FAILURE,SUCCESS,23.03418674354907,VALID
20.0.0,DynamicObstaclesAhead,198.4720916748047|-317.09759521484375|0.01959228515625,202.52171325683594|-341.010986328125|0.01959228515625,41,43,2,,,20.0.1,DynamicObstaclesAhead,198.4720916748047|-317.09759521484375|0.01959228515625,202.52171325683594|-341.010986328125|0.01959228515625,26,50,5,,,20.0.2,DynamicObstaclesAhead,198.58677673339844|-322.09625244140625|0.01959228515625,202.52171325683594|-341.010986328125|0.01959228515625,19,33,2,,,False,FAILURE,SUCCESS,FAILURE,SUCCESS,44.02439095498994,VALID
20.1.0,DynamicObstaclesAhead,198.4720916748047|-317.09759521484375|0.01959228515625,202.52171325683594|-341.010986328125|0.01959228515625,41,43,2,,,20.1.1,DynamicObstaclesAhead,198.4720916748047|-317.09759521484375|0.01959228515625,202.52171325683594|-341.010986328125|0.01959228515625,26,50,5,,,20.1.2,DynamicObstaclesAhead,198.58677673339844|-322.09625244140625|0.01959228515625,202.52171325683594|-341.010986328125|0.01959228515625,19,33,2,,,False,FAILURE,SUCCESS,FAILURE,SUCCESS,43.80737415631302,VALID
20.2.0,DynamicObstaclesAhead,198.4720916748047|-317.09759521484375|0.01959228515625,202.52171325683594|-341.010986328125|0.01959228515625,41,43,2,,,20.2.1,DynamicObstaclesAhead,198.4720916748047|-317.09759521484375|0.01959228515625,202.52171325683594|-341.010986328125|0.01959228515625,26,50,5,,,20.2.2,DynamicObstaclesAhead,198.58677673339844|-322.09625244140625|0.01959228515625,202.52171325683594|-341.010986328125|0.01959228515625,19,33,2,,,False,FAILURE,SUCCESS,FAILURE,SUCCESS,41.921127302222885,VALID
20.3.0,DynamicObstaclesAhead,198.4720916748047|-317.09759521484375|0.01959228515625,202.52171325683594|-341.010986328125|0.01959228515625,41,43,2,,,20.3.1,DynamicObstaclesAhead,198.4720916748047|-317.09759521484375|0.01959228515625,202.52171325683594|-341.010986328125|0.01959228515625,26,50,5,,,20.3.2,DynamicObstaclesAhead,198.58677673339844|-322.09625244140625|0.01959228515625,202.52171325683594|-341.010986328125|0.01959228515625,19,33,2,,,False,FAILURE,SUCCESS,FAILURE,SUCCESS,42.16656453860924,VALID
20.4.0,DynamicObstaclesAhead,198.4720916748047|-317.09759521484375|0.01959228515625,202.52171325683594|-341.010986328125|0.01959228515625,41,43,2,,,20.4.1,DynamicObstaclesAhead,198.4720916748047|-317.09759521484375|0.01959228515625,202.52171325683594|-341.010986328125|0.01959228515625,26,50,5,,,20.4.2,DynamicObstaclesAhead,198.58677673339844|-322.09625244140625|0.01959228515625,202.52171325683594|-341.010986328125|0.01959228515625,19,33,2,,,False,FAILURE,SUCCESS,FAILURE,SUCCESS,47.42473166366108,VALID
20.5.0,DynamicObstaclesAhead,198.4720916748047|-317.09759521484375|0.01959228515625,202.52171325683594|-341.010986328125|0.01959228515625,41,43,2,,,20.5.1,DynamicObstaclesAhead,198.4720916748047|-317.09759521484375|0.01959228515625,202.52171325683594|-341.010986328125|0.01959228515625,26,50,5,,,20.5.2,DynamicObstaclesAhead,198.58677673339844|-322.09625244140625|0.01959228515625,202.52171325683594|-341.010986328125|0.01959228515625,19,33,2,,,False,FAILURE,SUCCESS,FAILURE,SUCCESS,47.931765153305605,VALID
20.6.0,DynamicObstaclesAhead,198.4720916748047|-317.09759521484375|0.01959228515625,202.52171325683594|-341.010986328125|0.01959228515625,41,43,2,,,20.6.1,DynamicObstaclesAhead,198.4720916748047|-317.09759521484375|0.01959228515625,202.52171325683594|-341.010986328125|0.01959228515625,26,50,5,,,20.6.2,DynamicObstaclesAhead,198.58677673339844|-322.09625244140625|0.01959228515625,202.52171325683594|-341.010986328125|0.01959228515625,19,33,2,,,False,FAILURE,FAILURE,FAILURE,SUCCESS,33.93031676230021,VALID
20.7.0,DynamicObstaclesAhead,198.4720916748047|-317.09759521484375|0.01959228515625,202.52171325683594|-341.010986328125|0.01959228515625,41,43,2,,,20.7.1,DynamicObstaclesAhead,198.4720916748047|-317.09759521484375|0.01959228515625,202.52171325683594|-341.010986328125|0.01959228515625,26,50,5,,,20.7.2,DynamicObstaclesAhead,198.58677673339844|-322.09625244140625|0.01959228515625,202.52171325683594|-341.010986328125|0.01959228515625,19,33,2,,,False,FAILURE,FAILURE,FAILURE,SUCCESS,33.87250932655297,VALID
21.0.0,DynamicObstaclesAhead,198.79322814941406|-331.0939025878906|0.01959228515625,202.52171325683594|-341.010986328125|0.01959228515625,10,47,3,,,21.0.1,VehiclesAhead,144.74070739746094|-363.93597412109375|1.0,116.50308227539062|-358.23974609375|0.0,28,16,False,,,21.0.2,VehiclesAhead,178.36306762695312|-364.4826354980469|1.0,130.7848663330078|-361.8546142578125|0.0,47,36,False,,,False,FAILURE,SUCCESS,FAILURE,FAILURE,80.00763115065638,VALID
21.1.0,DynamicObstaclesAhead,198.79322814941406|-331.0939025878906|0.01959228515625,202.52171325683594|-341.010986328125|0.01959228515625,10,47,3,,,21.1.1,VehiclesAhead,144.74070739746094|-363.93597412109375|1.0,116.50308227539062|-358.23974609375|0.0,28,16,False,,,21.1.2,VehiclesAhead,178.36306762695312|-364.4826354980469|1.0,130.7848663330078|-361.8546142578125|0.0,47,36,False,,,False,FAILURE,SUCCESS,FAILURE,SUCCESS,45.12202341388911,VALID
21.2.0,DynamicObstaclesAhead,198.79322814941406|-331.0939025878906|0.01959228515625,202.52171325683594|-341.010986328125|0.01959228515625,10,47,3,,,21.2.1,VehiclesAhead,144.74070739746094|-363.93597412109375|1.0,116.50308227539062|-358.23974609375|0.0,28,16,False,,,21.2.2,VehiclesAhead,178.36306762695312|-364.4826354980469|1.0,130.7848663330078|-361.8546142578125|0.0,47,36,False,,,False,FAILURE,SUCCESS,FAILURE,SUCCESS,43.24223376158625,VALID
21.3.0,DynamicObstaclesAhead,198.79322814941406|-331.0939025878906|0.01959228515625,202.52171325683594|-341.010986328125|0.01959228515625,10,47,3,,,21.3.1,VehiclesAhead,144.74070739746094|-363.93597412109375|1.0,116.50308227539062|-358.23974609375|0.0,28,16,False,,,21.3.2,VehiclesAhead,178.36306762695312|-364.4826354980469|1.0,130.7848663330078|-361.8546142578125|0.0,47,36,False,,,False,FAILURE,SUCCESS,FAILURE,SUCCESS,43.27714091935195,VALID
21.4.0,DynamicObstaclesAhead,198.79322814941406|-331.0939025878906|0.01959228515625,202.52171325683594|-341.010986328125|0.01959228515625,10,47,3,,,21.4.1,VehiclesAhead,144.74070739746094|-363.93597412109375|1.0,116.50308227539062|-358.23974609375|0.0,28,16,False,,,21.4.2,VehiclesAhead,178.36306762695312|-364.4826354980469|1.0,130.7848663330078|-361.8546142578125|0.0,47,36,False,,,False,SUCCESS,SUCCESS,SUCCESS,SUCCESS,58.09519644663669,VALID
21.5.0,DynamicObstaclesAhead,198.79322814941406|-331.0939025878906|0.01959228515625,202.52171325683594|-341.010986328125|0.01959228515625,10,47,3,,,21.5.1,VehiclesAhead,144.74070739746094|-363.93597412109375|1.0,116.50308227539062|-358.23974609375|0.0,28,16,False,,,21.5.2,VehiclesAhead,178.36306762695312|-364.4826354980469|1.0,130.7848663330078|-361.8546142578125|0.0,47,36,False,,,False,SUCCESS,SUCCESS,SUCCESS,SUCCESS,56.5593370590359,VALID
21.6.0,DynamicObstaclesAhead,198.79322814941406|-331.0939025878906|0.01959228515625,202.52171325683594|-341.010986328125|0.01959228515625,10,47,3,,,21.6.1,VehiclesAhead,144.74070739746094|-363.93597412109375|1.0,116.50308227539062|-358.23974609375|0.0,28,16,False,,,21.6.2,VehiclesAhead,178.36306762695312|-364.4826354980469|1.0,130.7848663330078|-361.8546142578125|0.0,47,36,False,,,False,FAILURE,FAILURE,FAILURE,SUCCESS,37.78990331152454,VALID
21.7.0,DynamicObstaclesAhead,198.79322814941406|-331.0939025878906|0.01959228515625,202.52171325683594|-341.010986328125|0.01959228515625,10,47,3,,,21.7.1,VehiclesAhead,144.74070739746094|-363.93597412109375|1.0,116.50308227539062|-358.23974609375|0.0,28,16,False,,,21.7.2,VehiclesAhead,178.36306762695312|-364.4826354980469|1.0,130.7848663330078|-361.8546142578125|0.0,47,36,False,,,False,SUCCESS,SUCCESS,SUCCESS,SUCCESS,50.47725767659722,VALID
22.0.0,VehiclesAhead,55.70728302001953|-321.1340637207031|1.0,31.77208709716797|-288.5340270996094|0.0,40,46,True,,,22.0.1,DynamicObstaclesAhead,198.4720916748047|-317.09759521484375|0.01959228515625,202.52171325683594|-341.010986328125|0.01959228515625,34,25,3,,,22.0.2,CutIn,115.19667053222656|-361.4992370605469|0.0,126.60017395019531|-360.9552001953125|0.0,10,20,22,5,left,False,FAILURE,SUCCESS,FAILURE,SUCCESS,25.28181125567062,INVALID
22.1.0,VehiclesAhead,55.70728302001953|-321.1340637207031|1.0,31.77208709716797|-288.5340270996094|0.0,40,46,True,,,22.1.1,DynamicObstaclesAhead,198.4720916748047|-317.09759521484375|0.01959228515625,202.52171325683594|-341.010986328125|0.01959228515625,34,25,3,,,22.1.2,CutIn,115.19667053222656|-361.4992370605469|0.0,126.60017395019531|-360.9552001953125|0.0,10,20,22,5,left,False,FAILURE,FAILURE,FAILURE,SUCCESS,48.279590199002996,VALID
22.2.0,VehiclesAhead,55.70728302001953|-321.1340637207031|1.0,31.77208709716797|-288.5340270996094|0.0,40,46,True,,,22.2.1,DynamicObstaclesAhead,198.4720916748047|-317.09759521484375|0.01959228515625,202.52171325683594|-341.010986328125|0.01959228515625,34,25,3,,,22.2.2,CutIn,115.19667053222656|-361.4992370605469|0.0,126.60017395019531|-360.9552001953125|0.0,10,20,22,5,left,False,FAILURE,FAILURE,FAILURE,SUCCESS,27.512975678546354,VALID
22.3.0,VehiclesAhead,55.70728302001953|-321.1340637207031|1.0,31.77208709716797|-288.5340270996094|0.0,40,46,True,,,22.3.1,DynamicObstaclesAhead,198.4720916748047|-317.09759521484375|0.01959228515625,202.52171325683594|-341.010986328125|0.01959228515625,34,25,3,,,22.3.2,CutIn,115.19667053222656|-361.4992370605469|0.0,126.60017395019531|-360.9552001953125|0.0,10,20,22,5,left,False,FAILURE,FAILURE,FAILURE,SUCCESS,23.929084669565782,VALID
22.4.0,VehiclesAhead,55.70728302001953|-321.1340637207031|1.0,31.77208709716797|-288.5340270996094|0.0,40,46,True,,,22.4.1,DynamicObstaclesAhead,198.4720916748047|-317.09759521484375|0.01959228515625,202.52171325683594|-341.010986328125|0.01959228515625,34,25,3,,,22.4.2,CutIn,115.19667053222656|-361.4992370605469|0.0,126.60017395019531|-360.9552001953125|0.0,10,20,22,5,left,False,FAILURE,SUCCESS,FAILURE,SUCCESS,27.920589716755785,INVALID
22.5.0,VehiclesAhead,55.70728302001953|-321.1340637207031|1.0,31.77208709716797|-288.5340270996094|0.0,40,46,True,,,22.5.1,DynamicObstaclesAhead,198.4720916748047|-317.09759521484375|0.01959228515625,202.52171325683594|-341.010986328125|0.01959228515625,34,25,3,,,22.5.2,CutIn,115.19667053222656|-361.4992370605469|0.0,126.60017395019531|-360.9552001953125|0.0,10,20,22,5,left,False,FAILURE,SUCCESS,FAILURE,SUCCESS,28.048238812712952,INVALID
22.6.0,VehiclesAhead,55.70728302001953|-321.1340637207031|1.0,31.77208709716797|-288.5340270996094|0.0,40,46,True,,,22.6.1,DynamicObstaclesAhead,198.4720916748047|-317.09759521484375|0.01959228515625,202.52171325683594|-341.010986328125|0.01959228515625,34,25,3,,,22.6.2,CutIn,115.19667053222656|-361.4992370605469|0.0,126.60017395019531|-360.9552001953125|0.0,10,20,22,5,left,False,FAILURE,FAILURE,FAILURE,SUCCESS,23.068520988570526,VALID
22.7.0,VehiclesAhead,55.70728302001953|-321.1340637207031|1.0,31.77208709716797|-288.5340270996094|0.0,40,46,True,,,22.7.1,DynamicObstaclesAhead,198.4720916748047|-317.09759521484375|0.01959228515625,202.52171325683594|-341.010986328125|0.01959228515625,34,25,3,,,22.7.2,CutIn,115.19667053222656|-361.4992370605469|0.0,126.60017395019531|-360.9552001953125|0.0,10,20,22,5,left,False,FAILURE,FAILURE,FAILURE,SUCCESS,24.301443820935674,VALID
23.0.0,DynamicObstaclesAhead,198.4720916748047|-317.09759521484375|0.01959228515625,202.52171325683594|-341.010986328125|0.01959228515625,37,29,2,,,23.0.1,VehiclesAhead,201.97117614746094|-317.0173034667969|1.01959228515625,202.52171325683594|-341.010986328125|0.01959228515625,45,39,True,,,23.0.2,DynamicObstaclesAhead,198.4720916748047|-317.09759521484375|0.01959228515625,202.52171325683594|-341.010986328125|0.01959228515625,27,31,2,,,False,FAILURE,FAILURE,FAILURE,SUCCESS,40.60114591458114,VALID
23.1.0,DynamicObstaclesAhead,198.4720916748047|-317.09759521484375|0.01959228515625,202.52171325683594|-341.010986328125|0.01959228515625,37,29,2,,,23.1.1,VehiclesAhead,201.97117614746094|-317.0173034667969|1.01959228515625,202.52171325683594|-341.010986328125|0.01959228515625,45,39,True,,,23.1.2,DynamicObstaclesAhead,198.4720916748047|-317.09759521484375|0.01959228515625,202.52171325683594|-341.010986328125|0.01959228515625,27,31,2,,,False,FAILURE,FAILURE,FAILURE,SUCCESS,40.462894894881174,VALID
23.2.0,DynamicObstaclesAhead,198.4720916748047|-317.09759521484375|0.01959228515625,202.52171325683594|-341.010986328125|0.01959228515625,37,29,2,,,23.2.1,VehiclesAhead,201.97117614746094|-317.0173034667969|1.01959228515625,202.52171325683594|-341.010986328125|0.01959228515625,45,39,True,,,23.2.2,DynamicObstaclesAhead,198.4720916748047|-317.09759521484375|0.01959228515625,202.52171325683594|-341.010986328125|0.01959228515625,27,31,2,,,False,FAILURE,SUCCESS,FAILURE,SUCCESS,42.49047619116027,VALID
23.3.0,DynamicObstaclesAhead,198.4720916748047|-317.09759521484375|0.01959228515625,202.52171325683594|-341.010986328125|0.01959228515625,37,29,2,,,23.3.1,VehiclesAhead,201.97117614746094|-317.0173034667969|1.01959228515625,202.52171325683594|-341.010986328125|0.01959228515625,45,39,True,,,23.3.2,DynamicObstaclesAhead,198.4720916748047|-317.09759521484375|0.01959228515625,202.52171325683594|-341.010986328125|0.01959228515625,27,31,2,,,False,FAILURE,SUCCESS,FAILURE,SUCCESS,42.34884595545009,VALID
23.4.0,DynamicObstaclesAhead,198.4720916748047|-317.09759521484375|0.01959228515625,202.52171325683594|-341.010986328125|0.01959228515625,37,29,2,,,23.4.1,VehiclesAhead,201.97117614746094|-317.0173034667969|1.01959228515625,202.52171325683594|-341.010986328125|0.01959228515625,45,39,True,,,23.4.2,DynamicObstaclesAhead,198.4720916748047|-317.09759521484375|0.01959228515625,202.52171325683594|-341.010986328125|0.01959228515625,27,31,2,,,False,FAILURE,FAILURE,FAILURE,SUCCESS,44.98132391599938,VALID
23.5.0,DynamicObstaclesAhead,198.4720916748047|-317.09759521484375|0.01959228515625,202.52171325683594|-341.010986328125|0.01959228515625,37,29,2,,,23.5.1,VehiclesAhead,201.97117614746094|-317.0173034667969|1.01959228515625,202.52171325683594|-341.010986328125|0.01959228515625,45,39,True,,,23.5.2,DynamicObstaclesAhead,198.4720916748047|-317.09759521484375|0.01959228515625,202.52171325683594|-341.010986328125|0.01959228515625,27,31,2,,,False,FAILURE,FAILURE,FAILURE,SUCCESS,44.41968738276046,VALID
23.6.0,DynamicObstaclesAhead,198.4720916748047|-317.09759521484375|0.01959228515625,202.52171325683594|-341.010986328125|0.01959228515625,37,29,2,,,23.6.1,VehiclesAhead,201.97117614746094|-317.0173034667969|1.01959228515625,202.52171325683594|-341.010986328125|0.01959228515625,45,39,True,,,23.6.2,DynamicObstaclesAhead,198.4720916748047|-317.09759521484375|0.01959228515625,202.52171325683594|-341.010986328125|0.01959228515625,27,31,2,,,False,FAILURE,FAILURE,FAILURE,SUCCESS,33.60948488989379,VALID
23.7.0,DynamicObstaclesAhead,198.4720916748047|-317.09759521484375|0.01959228515625,202.52171325683594|-341.010986328125|0.01959228515625,37,29,2,,,23.7.1,VehiclesAhead,201.97117614746094|-317.0173034667969|1.01959228515625,202.52171325683594|-341.010986328125|0.01959228515625,45,39,True,,,23.7.2,DynamicObstaclesAhead,198.4720916748047|-317.09759521484375|0.01959228515625,202.52171325683594|-341.010986328125|0.01959228515625,27,31,2,,,False,FAILURE,FAILURE,FAILURE,SUCCESS,34.34845536504872,VALID
24.0.0,DynamicObstaclesAhead,198.4720916748047|-317.09759521484375|0.01959228515625,202.52171325683594|-341.010986328125|0.01959228515625,27,48,2,,,24.0.1,CutIn,206.0207977294922|-340.93072509765625|0.01959228515625,202.2923126220703|-331.01361083984375|0.01959228515625,10,20,21,5,left,24.0.2,DynamicObstaclesAhead,198.4720916748047|-317.09759521484375|0.01959228515625,202.52171325683594|-341.010986328125|0.01959228515625,36,21,6,,,False,FAILURE,FAILURE,FAILURE,SUCCESS,41.40887974901125,VALID
24.1.0,DynamicObstaclesAhead,198.4720916748047|-317.09759521484375|0.01959228515625,202.52171325683594|-341.010986328125|0.01959228515625,27,48,2,,,24.1.1,CutIn,206.0207977294922|-340.93072509765625|0.01959228515625,202.2923126220703|-331.01361083984375|0.01959228515625,10,20,21,5,left,24.1.2,DynamicObstaclesAhead,198.4720916748047|-317.09759521484375|0.01959228515625,202.52171325683594|-341.010986328125|0.01959228515625,36,21,6,,,False,
24.2.0,DynamicObstaclesAhead,198.4720916748047|-317.09759521484375|0.01959228515625,202.52171325683594|-341.010986328125|0.01959228515625,27,48,2,,,24.2.1,CutIn,206.0207977294922|-340.93072509765625|0.01959228515625,202.2923126220703|-331.01361083984375|0.01959228515625,10,20,21,5,left,24.2.2,DynamicObstaclesAhead,198.4720916748047|-317.09759521484375|0.01959228515625,202.52171325683594|-341.010986328125|0.01959228515625,36,21,6,,,False,FAILURE,FAILURE,FAILURE,SUCCESS,39.27270554075949,VALID
24.3.0,DynamicObstaclesAhead,198.4720916748047|-317.09759521484375|0.01959228515625,202.52171325683594|-341.010986328125|0.01959228515625,27,48,2,,,24.3.1,CutIn,206.0207977294922|-340.93072509765625|0.01959228515625,202.2923126220703|-331.01361083984375|0.01959228515625,10,20,21,5,left,24.3.2,DynamicObstaclesAhead,198.4720916748047|-317.09759521484375|0.01959228515625,202.52171325683594|-341.010986328125|0.01959228515625,36,21,6,,,False,SUCCESS,SUCCESS,SUCCESS,SUCCESS,47.29096393659711,VALID
24.4.0,DynamicObstaclesAhead,198.4720916748047|-317.09759521484375|0.01959228515625,202.52171325683594|-341.010986328125|0.01959228515625,27,48,2,,,24.4.1,CutIn,206.0207977294922|-340.93072509765625|0.01959228515625,202.2923126220703|-331.01361083984375|0.01959228515625,10,20,21,5,left,24.4.2,DynamicObstaclesAhead,198.4720916748047|-317.09759521484375|0.01959228515625,202.52171325683594|-341.010986328125|0.01959228515625,36,21,6,,,False,SUCCESS,SUCCESS,SUCCESS,SUCCESS,45.60994701227173,VALID
24.5.0,DynamicObstaclesAhead,198.4720916748047|-317.09759521484375|0.01959228515625,202.52171325683594|-341.010986328125|0.01959228515625,27,48,2,,,24.5.1,CutIn,206.0207977294922|-340.93072509765625|0.01959228515625,202.2923126220703|-331.01361083984375|0.01959228515625,10,20,21,5,left,24.5.2,DynamicObstaclesAhead,198.4720916748047|-317.09759521484375|0.01959228515625,202.52171325683594|-341.010986328125|0.01959228515625,36,21,6,,,False,FAILURE,FAILURE,FAILURE,SUCCESS,43.70426135044545,VALID
24.6.0,DynamicObstaclesAhead,198.4720916748047|-317.09759521484375|0.01959228515625,202.52171325683594|-341.010986328125|0.01959228515625,27,48,2,,,24.6.1,CutIn,206.0207977294922|-340.93072509765625|0.01959228515625,202.2923126220703|-331.01361083984375|0.01959228515625,10,20,21,5,left,24.6.2,DynamicObstaclesAhead,198.4720916748047|-317.09759521484375|0.01959228515625,202.52171325683594|-341.010986328125|0.01959228515625,36,21,6,,,False,FAILURE,SUCCESS,FAILURE,SUCCESS,47.70535909687169,VALID
24.7.0,DynamicObstaclesAhead,198.4720916748047|-317.09759521484375|0.01959228515625,202.52171325683594|-341.010986328125|0.01959228515625,27,48,2,,,24.7.1,CutIn,206.0207977294922|-340.93072509765625|0.01959228515625,202.2923126220703|-331.01361083984375|0.01959228515625,10,20,21,5,left,24.7.2,DynamicObstaclesAhead,198.4720916748047|-317.09759521484375|0.01959228515625,202.52171325683594|-341.010986328125|0.01959228515625,36,21,6,,,False,SUCCESS,SUCCESS,SUCCESS,SUCCESS,42.60553468042053,VALID
25.0.0,CutIn,206.0207977294922|-340.93072509765625|0.01959228515625,202.2923126220703|-331.01361083984375|0.01959228515625,10,20,28,5,left,25.0.1,CutIn,28.512819290161133|-289.8616943359375|0.0,36.99317932128906|-297.4712829589844|0.0,10,20,30,5,left,25.0.2,CutIn,44.916404724121094|-314.3534851074219|0.0,54.79631423950195|-320.193115234375|0.0,10,20,25,5,left,False,SUCCESS,SUCCESS,SUCCESS,SUCCESS,40.90486977202818,VALID
25.1.0,CutIn,206.0207977294922|-340.93072509765625|0.01959228515625,202.2923126220703|-331.01361083984375|0.01959228515625,10,20,28,5,left,25.1.1,CutIn,28.512819290161133|-289.8616943359375|0.0,36.99317932128906|-297.4712829589844|0.0,10,20,30,5,left,25.1.2,CutIn,44.916404724121094|-314.3534851074219|0.0,54.79631423950195|-320.193115234375|0.0,10,20,25,5,left,False,FAILURE,SUCCESS,FAILURE,SUCCESS,41.33265459386166,INVALID
25.2.0,CutIn,206.0207977294922|-340.93072509765625|0.01959228515625,202.2923126220703|-331.01361083984375|0.01959228515625,10,20,28,5,left,25.2.1,CutIn,28.512819290161133|-289.8616943359375|0.0,36.99317932128906|-297.4712829589844|0.0,10,20,30,5,left,25.2.2,CutIn,44.916404724121094|-314.3534851074219|0.0,54.79631423950195|-320.193115234375|0.0,10,20,25,5,left,False,FAILURE,SUCCESS,FAILURE,SUCCESS,42.38291365210898,INVALID
25.3.0,CutIn,206.0207977294922|-340.93072509765625|0.01959228515625,202.2923126220703|-331.01361083984375|0.01959228515625,10,20,28,5,left,25.3.1,CutIn,28.512819290161133|-289.8616943359375|0.0,36.99317932128906|-297.4712829589844|0.0,10,20,30,5,left,25.3.2,CutIn,44.916404724121094|-314.3534851074219|0.0,54.79631423950195|-320.193115234375|0.0,10,20,25,5,left,False,FAILURE,SUCCESS,FAILURE,SUCCESS,41.69157270761207,INVALID
25.4.0,CutIn,206.0207977294922|-340.93072509765625|0.01959228515625,202.2923126220703|-331.01361083984375|0.01959228515625,10,20,28,5,left,25.4.1,CutIn,28.512819290161133|-289.8616943359375|0.0,36.99317932128906|-297.4712829589844|0.0,10,20,30,5,left,25.4.2,CutIn,44.916404724121094|-314.3534851074219|0.0,54.79631423950195|-320.193115234375|0.0,10,20,25,5,left,False,FAILURE,SUCCESS,FAILURE,SUCCESS,41.65015154401772,INVALID
25.5.0,CutIn,206.0207977294922|-340.93072509765625|0.01959228515625,202.2923126220703|-331.01361083984375|0.01959228515625,10,20,28,5,left,25.5.1,CutIn,28.512819290161133|-289.8616943359375|0.0,36.99317932128906|-297.4712829589844|0.0,10,20,30,5,left,25.5.2,CutIn,44.916404724121094|-314.3534851074219|0.0,54.79631423950195|-320.193115234375|0.0,10,20,25,5,left,False,FAILURE,SUCCESS,FAILURE,SUCCESS,23.082151948474348,INVALID
25.6.0,CutIn,206.0207977294922|-340.93072509765625|0.01959228515625,202.2923126220703|-331.01361083984375|0.01959228515625,10,20,28,5,left,25.6.1,CutIn,28.512819290161133|-289.8616943359375|0.0,36.99317932128906|-297.4712829589844|0.0,10,20,30,5,left,25.6.2,CutIn,44.916404724121094|-314.3534851074219|0.0,54.79631423950195|-320.193115234375|0.0,10,20,25,5,left,False,FAILURE,SUCCESS,FAILURE,SUCCESS,22.928347551380284,INVALID
25.7.0,CutIn,206.0207977294922|-340.93072509765625|0.01959228515625,202.2923126220703|-331.01361083984375|0.01959228515625,10,20,28,5,left,25.7.1,CutIn,28.512819290161133|-289.8616943359375|0.0,36.99317932128906|-297.4712829589844|0.0,10,20,30,5,left,25.7.2,CutIn,44.916404724121094|-314.3534851074219|0.0,54.79631423950195|-320.193115234375|0.0,10,20,25,5,left,False,FAILURE,SUCCESS,FAILURE,SUCCESS,37.7919321085792,INVALID
26.0.0,VehiclesAhead,154.94784545898438|-364.58795166015625|1.0,130.7848663330078|-361.8546142578125|0.0,24,21,False,,,26.0.1,CutIn,206.0207977294922|-340.93072509765625|0.01959228515625,202.2923126220703|-331.01361083984375|0.01959228515625,10,20,30,5,left,26.0.2,VehiclesAhead,54.852272033691406|-320.2513732910156|1.0,47.655975341796875|-312.17431640625|0.0,10,43,True,,,False,FAILURE,FAILURE,FAILURE,SUCCESS,30.25265584338922,VALID
26.1.0,VehiclesAhead,154.94784545898438|-364.58795166015625|1.0,130.7848663330078|-361.8546142578125|0.0,24,21,False,,,26.1.1,CutIn,206.0207977294922|-340.93072509765625|0.01959228515625,202.2923126220703|-331.01361083984375|0.01959228515625,10,20,30,5,left,26.1.2,VehiclesAhead,54.852272033691406|-320.2513732910156|1.0,47.655975341796875|-312.17431640625|0.0,10,43,True,,,False,SUCCESS,SUCCESS,SUCCESS,SUCCESS,62.17850880936021,VALID
26.2.0,VehiclesAhead,154.94784545898438|-364.58795166015625|1.0,130.7848663330078|-361.8546142578125|0.0,24,21,False,,,26.2.1,CutIn,206.0207977294922|-340.93072509765625|0.01959228515625,202.2923126220703|-331.01361083984375|0.01959228515625,10,20,30,5,left,26.2.2,VehiclesAhead,54.852272033691406|-320.2513732910156|1.0,47.655975341796875|-312.17431640625|0.0,10,43,True,,,False,SUCCESS,SUCCESS,SUCCESS,SUCCESS,62.21525329723954,VALID
26.3.0,VehiclesAhead,154.94784545898438|-364.58795166015625|1.0,130.7848663330078|-361.8546142578125|0.0,24,21,False,,,26.3.1,CutIn,206.0207977294922|-340.93072509765625|0.01959228515625,202.2923126220703|-331.01361083984375|0.01959228515625,10,20,30,5,left,26.3.2,VehiclesAhead,54.852272033691406|-320.2513732910156|1.0,47.655975341796875|-312.17431640625|0.0,10,43,True,,,False,SUCCESS,SUCCESS,SUCCESS,SUCCESS,58.468597762985155,VALID
26.4.0,VehiclesAhead,154.94784545898438|-364.58795166015625|1.0,130.7848663330078|-361.8546142578125|0.0,24,21,False,,,26.4.1,CutIn,206.0207977294922|-340.93072509765625|0.01959228515625,202.2923126220703|-331.01361083984375|0.01959228515625,10,20,30,5,left,26.4.2,VehiclesAhead,54.852272033691406|-320.2513732910156|1.0,47.655975341796875|-312.17431640625|0.0,10,43,True,,,False,FAILURE,FAILURE,FAILURE,SUCCESS,30.20957207889296,VALID
26.5.0,VehiclesAhead,154.94784545898438|-364.58795166015625|1.0,130.7848663330078|-361.8546142578125|0.0,24,21,False,,,26.5.1,CutIn,206.0207977294922|-340.93072509765625|0.01959228515625,202.2923126220703|-331.01361083984375|0.01959228515625,10,20,30,5,left,26.5.2,VehiclesAhead,54.852272033691406|-320.2513732910156|1.0,47.655975341796875|-312.17431640625|0.0,10,43,True,,,False,

0.0.0,VehiclesAhead,154.0465850830078|-364.5595703125|1.0,130.7848663330078|-361.8546142578125|0.0,23,21,True,,,0.0.1,DynamicObstaclesAhead,198.74734497070312|-329.09442138671875|0.01959228515625,202.52171325683594|-341.010986328125|0.01959228515625,11,19,4,,,0.0.2,DynamicObstaclesAhead,198.5638427734375|-321.0965270996094|0.01959228515625,202.52171325683594|-341.010986328125|0.01959228515625,20,18,2,,,False,FAILURE,SUCCESS,FAILURE,SUCCESS,46.34059149224777,VALID
0.1.0,VehiclesAhead,154.0465850830078|-364.5595703125|1.0,130.7848663330078|-361.8546142578125|0.0,23,21,True,,,0.1.1,DynamicObstaclesAhead,198.74734497070312|-329.09442138671875|0.01959228515625,202.52171325683594|-341.010986328125|0.01959228515625,11,19,4,,,0.1.2,DynamicObstaclesAhead,198.5638427734375|-321.0965270996094|0.01959228515625,202.52171325683594|-341.010986328125|0.01959228515625,20,18,2,,,False,FAILURE,SUCCESS,FAILURE,SUCCESS,43.44822515640408,VALID
0.2.0,VehiclesAhead,154.0465850830078|-364.5595703125|1.0,130.7848663330078|-361.8546142578125|0.0,23,21,True,,,0.2.1,DynamicObstaclesAhead,198.74734497070312|-329.09442138671875|0.01959228515625,202.52171325683594|-341.010986328125|0.01959228515625,11,19,4,,,0.2.2,DynamicObstaclesAhead,198.5638427734375|-321.0965270996094|0.01959228515625,202.52171325683594|-341.010986328125|0.01959228515625,20,18,2,,,False,FAILURE,SUCCESS,FAILURE,SUCCESS,51.262023207964376,VALID
0.3.0,VehiclesAhead,154.0465850830078|-364.5595703125|1.0,130.7848663330078|-361.8546142578125|0.0,23,21,True,,,0.3.1,DynamicObstaclesAhead,198.74734497070312|-329.09442138671875|0.01959228515625,202.52171325683594|-341.010986328125|0.01959228515625,11,19,4,,,0.3.2,DynamicObstaclesAhead,198.5638427734375|-321.0965270996094|0.01959228515625,202.52171325683594|-341.010986328125|0.01959228515625,20,18,2,,,False,FAILURE,SUCCESS,FAILURE,SUCCESS,47.95471585390624,VALID
0.4.0,VehiclesAhead,154.0465850830078|-364.5595703125|1.0,130.7848663330078|-361.8546142578125|0.0,23,21,True,,,0.4.1,DynamicObstaclesAhead,198.74734497070312|-329.09442138671875|0.01959228515625,202.52171325683594|-341.010986328125|0.01959228515625,11,19,4,,,0.4.2,DynamicObstaclesAhead,198.5638427734375|-321.0965270996094|0.01959228515625,202.52171325683594|-341.010986328125|0.01959228515625,20,18,2,,,False,FAILURE,FAILURE,FAILURE,SUCCESS,24.250789713812992,VALID
0.5.0,VehiclesAhead,154.0465850830078|-364.5595703125|1.0,130.7848663330078|-361.8546142578125|0.0,23,21,True,,,0.5.1,DynamicObstaclesAhead,198.74734497070312|-329.09442138671875|0.01959228515625,202.52171325683594|-341.010986328125|0.01959228515625,11,19,4,,,0.5.2,DynamicObstaclesAhead,198.5638427734375|-321.0965270996094|0.01959228515625,202.52171325683594|-341.010986328125|0.01959228515625,20,18,2,,,False,FAILURE,FAILURE,FAILURE,SUCCESS,24.101002076698933,VALID
0.6.0,VehiclesAhead,154.0465850830078|-364.5595703125|1.0,130.7848663330078|-361.8546142578125|0.0,23,21,True,,,0.6.1,DynamicObstaclesAhead,198.74734497070312|-329.09442138671875|0.01959228515625,202.52171325683594|-341.010986328125|0.01959228515625,11,19,4,,,0.6.2,DynamicObstaclesAhead,198.5638427734375|-321.0965270996094|0.01959228515625,202.52171325683594|-341.010986328125|0.01959228515625,20,18,2,,,False,FAILURE,SUCCESS,FAILURE,SUCCESS,52.82664456241764,VALID
0.7.0,VehiclesAhead,154.0465850830078|-364.5595703125|1.0,130.7848663330078|-361.8546142578125|0.0,23,21,True,,,0.7.1,DynamicObstaclesAhead,198.74734497070312|-329.09442138671875|0.01959228515625,202.52171325683594|-341.010986328125|0.01959228515625,11,19,4,,,0.7.2,DynamicObstaclesAhead,198.5638427734375|-321.0965270996094|0.01959228515625,202.52171325683594|-341.010986328125|0.01959228515625,20,18,2,,,False,FAILURE,SUCCESS,FAILURE,FAILURE,80.01178241055459,VALID
1.0.0,CutIn,69.81219482421875|-338.2110900878906|0.0,80.74993133544922|-341.5891418457031|0.0,10,20,24,5,left,1.0.1,DynamicObstaclesAhead,198.4720916748047|-317.09759521484375|0.01959228515625,202.52171325683594|-341.010986328125|0.01959228515625,42,47,3,,,1.0.2,VehiclesAhead,65.34864807128906|-330.1406555175781|1.0,47.655975341796875|-312.17431640625|0.0,25,43,False,,,False,FAILURE,FAILURE,FAILURE,SUCCESS,33.73413291655015,VALID
1.1.0,CutIn,69.81219482421875|-338.2110900878906|0.0,80.74993133544922|-341.5891418457031|0.0,10,20,24,5,left,1.1.1,DynamicObstaclesAhead,198.4720916748047|-317.09759521484375|0.01959228515625,202.52171325683594|-341.010986328125|0.01959228515625,42,47,3,,,1.1.2,VehiclesAhead,65.34864807128906|-330.1406555175781|1.0,47.655975341796875|-312.17431640625|0.0,25,43,False,,,False,FAILURE,FAILURE,FAILURE,SUCCESS,33.76987373735756,VALID
1.2.0,CutIn,69.81219482421875|-338.2110900878906|0.0,80.74993133544922|-341.5891418457031|0.0,10,20,24,5,left,1.2.1,DynamicObstaclesAhead,198.4720916748047|-317.09759521484375|0.01959228515625,202.52171325683594|-341.010986328125|0.01959228515625,42,47,3,,,1.2.2,VehiclesAhead,65.34864807128906|-330.1406555175781|1.0,47.655975341796875|-312.17431640625|0.0,25,43,False,,,False,
1.3.0,CutIn,69.81219482421875|-338.2110900878906|0.0,80.74993133544922|-341.5891418457031|0.0,10,20,24,5,left,1.3.1,DynamicObstaclesAhead,198.4720916748047|-317.09759521484375|0.01959228515625,202.52171325683594|-341.010986328125|0.01959228515625,42,47,3,,,1.3.2,VehiclesAhead,65.34864807128906|-330.1406555175781|1.0,47.655975341796875|-312.17431640625|0.0,25,43,False,,,False,FAILURE,FAILURE,FAILURE,SUCCESS,36.047679668758065,VALID
1.4.0,CutIn,69.81219482421875|-338.2110900878906|0.0,80.74993133544922|-341.5891418457031|0.0,10,20,24,5,left,1.4.1,DynamicObstaclesAhead,198.4720916748047|-317.09759521484375|0.01959228515625,202.52171325683594|-341.010986328125|0.01959228515625,42,47,3,,,1.4.2,VehiclesAhead,65.34864807128906|-330.1406555175781|1.0,47.655975341796875|-312.17431640625|0.0,25,43,False,,,False,FAILURE,FAILURE,FAILURE,SUCCESS,37.31631435872987,VALID
1.5.0,CutIn,69.81219482421875|-338.2110900878906|0.0,80.74993133544922|-341.5891418457031|0.0,10,20,24,5,left,1.5.1,DynamicObstaclesAhead,198.4720916748047|-317.09759521484375|0.01959228515625,202.52171325683594|-341.010986328125|0.01959228515625,42,47,3,,,1.5.2,VehiclesAhead,65.34864807128906|-330.1406555175781|1.0,47.655975341796875|-312.17431640625|0.0,25,43,False,,,False,FAILURE,FAILURE,FAILURE,SUCCESS,34.25505970674567,VALID
1.6.0,CutIn,69.81219482421875|-338.2110900878906|0.0,80.74993133544922|-341.5891418457031|0.0,10,20,24,5,left,1.6.1,DynamicObstaclesAhead,198.4720916748047|-317.09759521484375|0.01959228515625,202.52171325683594|-341.010986328125|0.01959228515625,42,47,3,,,1.6.2,VehiclesAhead,65.34864807128906|-330.1406555175781|1.0,47.655975341796875|-312.17431640625|0.0,25,43,False,,,False,FAILURE,FAILURE,FAILURE,SUCCESS,34.3904499001801,VALID
1.7.0,CutIn,69.81219482421875|-338.2110900878906|0.0,80.74993133544922|-341.5891418457031|0.0,10,20,24,5,left,1.7.1,DynamicObstaclesAhead,198.4720916748047|-317.09759521484375|0.01959228515625,202.52171325683594|-341.010986328125|0.01959228515625,42,47,3,,,1.7.2,VehiclesAhead,65.34864807128906|-330.1406555175781|1.0,47.655975341796875|-312.17431640625|0.0,25,43,False,,,False,FAILURE,FAILURE,FAILURE,SUCCESS,35.34222219965886,VALID
2.0.0,DynamicObstaclesAhead,198.4720916748047|-317.09759521484375|0.01959228515625,202.52171325683594|-341.010986328125|0.01959228515625,28,23,4,,,2.0.1,CutIn,129.93174743652344|-365.2532958984375|0.0,141.2515411376953|-363.54583740234375|0.0,10,20,27,5,left,2.0.2,CutIn,206.0207977294922|-340.93072509765625|0.01959228515625,202.2923126220703|-331.01361083984375|0.01959228515625,10,20,24,5,left,False,FAILURE,FAILURE,FAILURE,SUCCESS,40.020699669606984,VALID
2.1.0,DynamicObstaclesAhead,198.4720916748047|-317.09759521484375|0.01959228515625,202.52171325683594|-341.010986328125|0.01959228515625,28,23,4,,,2.1.1,CutIn,129.93174743652344|-365.2532958984375|0.0,141.2515411376953|-363.54583740234375|0.0,10,20,27,5,left,2.1.2,CutIn,206.0207977294922|-340.93072509765625|0.01959228515625,202.2923126220703|-331.01361083984375|0.01959228515625,10,20,24,5,left,False,FAILURE,FAILURE,FAILURE,SUCCESS,38.312635994749144,VALID
2.2.0,DynamicObstaclesAhead,198.4720916748047|-317.09759521484375|0.01959228515625,202.52171325683594|-341.010986328125|0.01959228515625,28,23,4,,,2.2.1,CutIn,129.93174743652344|-365.2532958984375|0.0,141.2515411376953|-363.54583740234375|0.0,10,20,27,5,left,2.2.2,CutIn,206.0207977294922|-340.93072509765625|0.01959228515625,202.2923126220703|-331.01361083984375|0.01959228515625,10,20,24,5,left,False,FAILURE,FAILURE,FAILURE,SUCCESS,38.36431288998574,VALID
2.3.0,DynamicObstaclesAhead,198.4720916748047|-317.09759521484375|0.01959228515625,202.52171325683594|-341.010986328125|0.01959228515625,28,23,4,,,2.3.1,CutIn,129.93174743652344|-365.2532958984375|0.0,141.2515411376953|-363.54583740234375|0.0,10,20,27,5,left,2.3.2,CutIn,206.0207977294922|-340.93072509765625|0.01959228515625,202.2923126220703|-331.01361083984375|0.01959228515625,10,20,24,5,left,False,FAILURE,FAILURE,FAILURE,SUCCESS,44.42393255990464,VALID
2.4.0,DynamicObstaclesAhead,198.4720916748047|-317.09759521484375|0.01959228515625,202.52171325683594|-341.010986328125|0.01959228515625,28,23,4,,,2.4.1,CutIn,129.93174743652344|-365.2532958984375|0.0,141.2515411376953|-363.54583740234375|0.0,10,20,27,5,left,2.4.2,CutIn,206.0207977294922|-340.93072509765625|0.01959228515625,202.2923126220703|-331.01361083984375|0.01959228515625,10,20,24,5,left,False,FAILURE,FAILURE,FAILURE,SUCCESS,44.312481922795996,VALID
2.5.0,DynamicObstaclesAhead,198.4720916748047|-317.09759521484375|0.01959228515625,202.52171325683594|-341.010986328125|0.01959228515625,28,23,4,,,2.5.1,CutIn,129.93174743652344|-365.2532958984375|0.0,141.2515411376953|-363.54583740234375|0.0,10,20,27,5,left,2.5.2,CutIn,206.0207977294922|-340.93072509765625|0.01959228515625,202.2923126220703|-331.01361083984375|0.01959228515625,10,20,24,5,left,False,FAILURE,FAILURE,FAILURE,SUCCESS,33.9393187914975,VALID
2.6.0,DynamicObstaclesAhead,198.4720916748047|-317.09759521484375|0.01959228515625,202.52171325683594|-341.010986328125|0.01959228515625,28,23,4,,,2.6.1,CutIn,129.93174743652344|-365.2532958984375|0.0,141.2515411376953|-363.54583740234375|0.0,10,20,27,5,left,2.6.2,CutIn,206.0207977294922|-340.93072509765625|0.01959228515625,202.2923126220703|-331.01361083984375|0.01959228515625,10,20,24,5,left,False,FAILURE,FAILURE,FAILURE,SUCCESS,33.79496267391369,VALID
2.7.0,DynamicObstaclesAhead,198.4720916748047|-317.09759521484375|0.01959228515625,202.52171325683594|-341.010986328125|0.01959228515625,28,23,4,,,2.7.1,CutIn,129.93174743652344|-365.2532958984375|0.0,141.2515411376953|-363.54583740234375|0.0,10,20,27,5,left,2.7.2,CutIn,206.0207977294922|-340.93072509765625|0.01959228515625,202.2923126220703|-331.01361083984375|0.01959228515625,10,20,24,5,left,False,FAILURE,FAILURE,FAILURE,SUCCESS,40.01706898282282,VALID
3.0.0,VehiclesAhead,78.26744842529297|-339.9518127441406|1.0,47.655975341796875|-312.17431640625|0.0,41,33,True,,,3.0.1,VehiclesAhead,114.23749542236328|-357.5211181640625|1.0,72.0577392578125|-335.52099609375|0.0,47,21,True,,,3.0.2,VehiclesAhead,141.156494140625|-363.5340270996094|1.0,116.50308227539062|-358.23974609375|0.0,25,48,False,,,False,FAILURE,FAILURE,FAILURE,SUCCESS,52.5537094976753,VALID
3.1.0,VehiclesAhead,78.26744842529297|-339.9518127441406|1.0,47.655975341796875|-312.17431640625|0.0,41,33,True,,,3.1.1,VehiclesAhead,114.23749542236328|-357.5211181640625|1.0,72.0577392578125|-335.52099609375|0.0,47,21,True,,,3.1.2,VehiclesAhead,141.156494140625|-363.5340270996094|1.0,116.50308227539062|-358.23974609375|0.0,25,48,False,,,False,FAILURE,FAILURE,FAILURE,SUCCESS,25.369775296654552,VALID
3.2.0,VehiclesAhead,78.26744842529297|-339.9518127441406|1.0,47.655975341796875|-312.17431640625|0.0,41,33,True,,,3.2.1,VehiclesAhead,114.23749542236328|-357.5211181640625|1.0,72.0577392578125|-335.52099609375|0.0,47,21,True,,,3.2.2,VehiclesAhead,141.156494140625|-363.5340270996094|1.0,116.50308227539062|-358.23974609375|0.0,25,48,False,,,False,FAILURE,FAILURE,FAILURE,SUCCESS,25.46796000516042,VALID
3.3.0,VehiclesAhead,78.26744842529297|-339.9518127441406|1.0,47.655975341796875|-312.17431640625|0.0,41,33,True,,,3.3.1,VehiclesAhead,114.23749542236328|-357.5211181640625|1.0,72.0577392578125|-335.52099609375|0.0,47,21,True,,,3.3.2,VehiclesAhead,141.156494140625|-363.5340270996094|1.0,116.50308227539062|-358.23974609375|0.0,25,48,False,,,False,FAILURE,SUCCESS,FAILURE,SUCCESS,31.01512831216678,VALID
3.4.0,VehiclesAhead,78.26744842529297|-339.9518127441406|1.0,47.655975341796875|-312.17431640625|0.0,41,33,True,,,3.4.1,VehiclesAhead,114.23749542236328|-357.5211181640625|1.0,72.0577392578125|-335.52099609375|0.0,47,21,True,,,3.4.2,VehiclesAhead,141.156494140625|-363.5340270996094|1.0,116.50308227539062|-358.23974609375|0.0,25,48,False,,,False,FAILURE,SUCCESS,FAILURE,SUCCESS,31.101576280081645,VALID
3.5.0,VehiclesAhead,78.26744842529297|-339.9518127441406|1.0,47.655975341796875|-312.17431640625|0.0,41,33,True,,,3.5.1,VehiclesAhead,114.23749542236328|-357.5211181640625|1.0,72.0577392578125|-335.52099609375|0.0,47,21,True,,,3.5.2,VehiclesAhead,141.156494140625|-363.5340270996094|1.0,116.50308227539062|-358.23974609375|0.0,25,48,False,,,False,FAILURE,SUCCESS,FAILURE,SUCCESS,24.189126459881663,INVALID
3.6.0,VehiclesAhead,78.26744842529297|-339.9518127441406|1.0,47.655975341796875|-312.17431640625|0.0,41,33,True,,,3.6.1,VehiclesAhead,114.23749542236328|-357.5211181640625|1.0,72.0577392578125|-335.52099609375|0.0,47,21,True,,,3.6.2,VehiclesAhead,141.156494140625|-363.5340270996094|1.0,116.50308227539062|-358.23974609375|0.0,25,48,False,,,False,FAILURE,SUCCESS,FAILURE,SUCCESS,24.185691106598824,INVALID
3.7.0,VehiclesAhead,78.26744842529297|-339.9518127441406|1.0,47.655975341796875|-312.17431640625|0.0,41,33,True,,,3.7.1,VehiclesAhead,114.23749542236328|-357.5211181640625|1.0,72.0577392578125|-335.52099609375|0.0,47,21,True,,,3.7.2,VehiclesAhead,141.156494140625|-363.5340270996094|1.0,116.50308227539062|-358.23974609375|0.0,25,48,False,,,False,FAILURE,FAILURE,FAILURE,SUCCESS,49.944669246673584,VALID
4.0.0,VehiclesAhead,142.94735717773438|-363.74615478515625|1.0,116.50308227539062|-358.23974609375|0.0,27,29,True,,,4.0.1,VehiclesAhead,55.478919982910156|-320.8997802734375|1.0,47.655975341796875|-312.17431640625|0.0,11,24,True,,,4.0.2,CutIn,69.81219482421875|-338.2110900878906|0.0,80.74993133544922|-341.5891418457031|0.0,10,20,26,5,left,False,FAILURE,SUCCESS,FAILURE,SUCCESS,65.38968928565737,VALID
4.1.0,VehiclesAhead,142.94735717773438|-363.74615478515625|1.0,116.50308227539062|-358.23974609375|0.0,27,29,True,,,4.1.1,VehiclesAhead,55.478919982910156|-320.8997802734375|1.0,47.655975341796875|-312.17431640625|0.0,11,24,True,,,4.1.2,CutIn,69.81219482421875|-338.2110900878906|0.0,80.74993133544922|-341.5891418457031|0.0,10,20,26,5,left,False,FAILURE,FAILURE,FAILURE,SUCCESS,30.771252871723846,VALID
4.2.0,VehiclesAhead,142.94735717773438|-363.74615478515625|1.0,116.50308227539062|-358.23974609375|0.0,27,29,True,,,4.2.1,VehiclesAhead,55.478919982910156|-320.8997802734375|1.0,47.655975341796875|-312.17431640625|0.0,11,24,True,,,4.2.2,CutIn,69.81219482421875|-338.2110900878906|0.0,80.74993133544922|-341.5891418457031|0.0,10,20,26,5,left,False,FAILURE,FAILURE,FAILURE,SUCCESS,33.098431691061705,VALID
4.3.0,VehiclesAhead,142.94735717773438|-363.74615478515625|1.0,116.50308227539062|-358.23974609375|0.0,27,29,True,,,4.3.1,VehiclesAhead,55.478919982910156|-320.8997802734375|1.0,47.655975341796875|-312.17431640625|0.0,11,24,True,,,4.3.2,CutIn,69.81219482421875|-338.2110900878906|0.0,80.74993133544922|-341.5891418457031|0.0,10,20,26,5,left,False,SUCCESS,SUCCESS,SUCCESS,SUCCESS,62.32054863427766,VALID
4.4.0,VehiclesAhead,142.94735717773438|-363.74615478515625|1.0,116.50308227539062|-358.23974609375|0.0,27,29,True,,,4.4.1,VehiclesAhead,55.478919982910156|-320.8997802734375|1.0,47.655975341796875|-312.17431640625|0.0,11,24,True,,,4.4.2,CutIn,69.81219482421875|-338.2110900878906|0.0,80.74993133544922|-341.5891418457031|0.0,10,20,26,5,left,False,SUCCESS,SUCCESS,SUCCESS,SUCCESS,61.31876557529904,VALID
4.5.0,VehiclesAhead,142.94735717773438|-363.74615478515625|1.0,116.50308227539062|-358.23974609375|0.0,27,29,True,,,4.5.1,VehiclesAhead,55.478919982910156|-320.8997802734375|1.0,47.655975341796875|-312.17431640625|0.0,11,24,True,,,4.5.2,CutIn,69.81219482421875|-338.2110900878906|0.0,80.74993133544922|-341.5891418457031|0.0,10,20,26,5,left,False,FAILURE,SUCCESS,FAILURE,SUCCESS,38.33515067445114,INVALID
4.6.0,VehiclesAhead,142.94735717773438|-363.74615478515625|1.0,116.50308227539062|-358.23974609375|0.0,27,29,True,,,4.6.1,VehiclesAhead,55.478919982910156|-320.8997802734375|1.0,47.655975341796875|-312.17431640625|0.0,11,24,True,,,4.6.2,CutIn,69.81219482421875|-338.2110900878906|0.0,80.74993133544922|-341.5891418457031|0.0,10,20,26,5,left,False,FAILURE,SUCCESS,FAILURE,SUCCESS,27.727451393962838,INVALID
4.7.0,VehiclesAhead,142.94735717773438|-363.74615478515625|1.0,116.50308227539062|-358.23974609375|0.0,27,29,True,,,4.7.1,VehiclesAhead,55.478919982910156|-320.8997802734375|1.0,47.655975341796875|-312.17431640625|0.0,11,24,True,,,4.7.2,CutIn,69.81219482421875|-338.2110900878906|0.0,80.74993133544922|-341.5891418457031|0.0,10,20,26,5,left,False,FAILURE,SUCCESS,FAILURE,SUCCESS,35.53205122961663,INVALID
5.0.0,VehiclesAhead,58.02558135986328|-323.4537353515625|1.0,47.655975341796875|-312.17431640625|0.0,15,18,False,,,5.0.1,VehiclesAhead,201.97117614746094|-317.0173034667969|1.01959228515625,202.52171325683594|-341.010986328125|0.01959228515625,43,37,True,,,5.0.2,DynamicObstaclesAhead,198.4720916748047|-317.09759521484375|0.01959228515625,202.52171325683594|-341.010986328125|0.01959228515625,33,35,5,,,False,FAILURE,FAILURE,FAILURE,SUCCESS,36.86048542853678,VALID
5.1.0,VehiclesAhead,58.02558135986328|-323.4537353515625|1.0,47.655975341796875|-312.17431640625|0.0,15,18,False,,,5.1.1,VehiclesAhead,201.97117614746094|-317.0173034667969|1.01959228515625,202.52171325683594|-341.010986328125|0.01959228515625,43,37,True,,,5.1.2,DynamicObstaclesAhead,198.4720916748047|-317.09759521484375|0.01959228515625,202.52171325683594|-341.010986328125|0.01959228515625,33,35,5,,,False,FAILURE,FAILURE,FAILURE,SUCCESS,35.4749697339721,VALID
5.2.0,VehiclesAhead,58.02558135986328|-323.4537353515625|1.0,47.655975341796875|-312.17431640625|0.0,15,18,False,,,5.2.1,VehiclesAhead,201.97117614746094|-317.0173034667969|1.01959228515625,202.52171325683594|-341.010986328125|0.01959228515625,43,37,True,,,5.2.2,DynamicObstaclesAhead,198.4720916748047|-317.09759521484375|0.01959228515625,202.52171325683594|-341.010986328125|0.01959228515625,33,35,5,,,False,FAILURE,FAILURE,FAILURE,SUCCESS,35.17270259861834,VALID
5.3.0,VehiclesAhead,58.02558135986328|-323.4537353515625|1.0,47.655975341796875|-312.17431640625|0.0,15,18,False,,,5.3.1,VehiclesAhead,201.97117614746094|-317.0173034667969|1.01959228515625,202.52171325683594|-341.010986328125|0.01959228515625,43,37,True,,,5.3.2,DynamicObstaclesAhead,198.4720916748047|-317.09759521484375|0.01959228515625,202.52171325683594|-341.010986328125|0.01959228515625,33,35,5,,,False,FAILURE,FAILURE,FAILURE,SUCCESS,38.67010250943713,VALID
5.4.0,VehiclesAhead,58.02558135986328|-323.4537353515625|1.0,47.655975341796875|-312.17431640625|0.0,15,18,False,,,5.4.1,VehiclesAhead,201.97117614746094|-317.0173034667969|1.01959228515625,202.52171325683594|-341.010986328125|0.01959228515625,43,37,True,,,5.4.2,DynamicObstaclesAhead,198.4720916748047|-317.09759521484375|0.01959228515625,202.52171325683594|-341.010986328125|0.01959228515625,33,35,5,,,False,
5.5.0,VehiclesAhead,58.02558135986328|-323.4537353515625|1.0,47.655975341796875|-312.17431640625|0.0,15,18,False,,,5.5.1,VehiclesAhead,201.97117614746094|-317.0173034667969|1.01959228515625,202.52171325683594|-341.010986328125|0.01959228515625,43,37,True,,,5.5.2,DynamicObstaclesAhead,198.4720916748047|-317.09759521484375|0.01959228515625,202.52171325683594|-341.010986328125|0.01959228515625,33,35,5,,,False,FAILURE,FAILURE,FAILURE,SUCCESS,37.36023384844884,VALID
5.6.0,VehiclesAhead,58.02558135986328|-323.4537353515625|1.0,47.655975341796875|-312.17431640625|0.0,15,18,False,,,5.6.1,VehiclesAhead,201.97117614746094|-317.0173034667969|1.01959228515625,202.52171325683594|-341.010986328125|0.01959228515625,43,37,True,,,5.6.2,DynamicObstaclesAhead,198.4720916748047|-317.09759521484375|0.01959228515625,202.52171325683594|-341.010986328125|0.01959228515625,33,35,5,,,False,FAILURE,FAILURE,FAILURE,SUCCESS,35.92463084915653,VALID
5.7.0,VehiclesAhead,58.02558135986328|-323.4537353515625|1.0,47.655975341796875|-312.17431640625|0.0,15,18,False,,,5.7.1,VehiclesAhead,201.97117614746094|-317.0173034667969|1.01959228515625,202.52171325683594|-341.010986328125|0.01959228515625,43,37,True,,,5.7.2,DynamicObstaclesAhead,198.4720916748047|-317.09759521484375|0.01959228515625,202.52171325683594|-341.010986328125|0.01959228515625,33,35,5,,,False,FAILURE,FAILURE,FAILURE,SUCCESS,36.02817326330114,VALID
6.0.0,VehiclesAhead,55.478919982910156|-320.8997802734375|1.0,47.655975341796875|-312.17431640625|0.0,11,47,True,,,6.0.1,VehiclesAhead,81.6926040649414|-342.19189453125|1.0,72.0577392578125|-335.52099609375|0.0,11,42,True,,,6.0.2,VehiclesAhead,202.0858612060547|-322.0159606933594|1.01959228515625,202.52171325683594|-341.010986328125|0.01959228515625,19,18,False,,,False,SUCCESS,SUCCESS,SUCCESS,SUCCESS,70.52673986990703,VALID
6.1.0,VehiclesAhead,55.478919982910156|-320.8997802734375|1.0,47.655975341796875|-312.17431640625|0.0,11,47,True,,,6.1.1,VehiclesAhead,81.6926040649414|-342.19189453125|1.0,72.0577392578125|-335.52099609375|0.0,11,42,True,,,6.1.2,VehiclesAhead,202.0858612060547|-322.0159606933594|1.01959228515625,202.52171325683594|-341.010986328125|0.01959228515625,19,18,False,,,False,FAILURE,FAILURE,FAILURE,SUCCESS,51.737231554463506,VALID
6.2.0,VehiclesAhead,55.478919982910156|-320.8997802734375|1.0,47.655975341796875|-312.17431640625|0.0,11,47,True,,,6.2.1,VehiclesAhead,81.6926040649414|-342.19189453125|1.0,72.0577392578125|-335.52099609375|0.0,11,42,True,,,6.2.2,VehiclesAhead,202.0858612060547|-322.0159606933594|1.01959228515625,202.52171325683594|-341.010986328125|0.01959228515625,19,18,False,,,False,FAILURE,FAILURE,FAILURE,SUCCESS,36.935378211434,VALID
6.3.0,VehiclesAhead,55.478919982910156|-320.8997802734375|1.0,47.655975341796875|-312.17431640625|0.0,11,47,True,,,6.3.1,VehiclesAhead,81.6926040649414|-342.19189453125|1.0,72.0577392578125|-335.52099609375|0.0,11,42,True,,,6.3.2,VehiclesAhead,202.0858612060547|-322.0159606933594|1.01959228515625,202.52171325683594|-341.010986328125|0.01959228515625,19,18,False,,,False,FAILURE,FAILURE,FAILURE,SUCCESS,37.35726256901398,VALID
6.4.0,VehiclesAhead,55.478919982910156|-320.8997802734375|1.0,47.655975341796875|-312.17431640625|0.0,11,47,True,,,6.4.1,VehiclesAhead,81.6926040649414|-342.19189453125|1.0,72.0577392578125|-335.52099609375|0.0,11,42,True,,,6.4.2,VehiclesAhead,202.0858612060547|-322.0159606933594|1.01959228515625,202.52171325683594|-341.010986328125|0.01959228515625,19,18,False,,,False,FAILURE,SUCCESS,FAILURE,SUCCESS,27.88803796027787,VALID
6.5.0,VehiclesAhead,55.478919982910156|-320.8997802734375|1.0,47.655975341796875|-312.17431640625|0.0,11,47,True,,,6.5.1,VehiclesAhead,81.6926040649414|-342.19189453125|1.0,72.0577392578125|-335.52099609375|0.0,11,42,True,,,6.5.2,VehiclesAhead,202.0858612060547|-322.0159606933594|1.01959228515625,202.52171325683594|-341.010986328125|0.01959228515625,19,18,False,,,False,SUCCESS,SUCCESS,SUCCESS,SUCCESS,67.27169284573756,VALID
6.6.0,VehiclesAhead,55.478919982910156|-320.8997802734375|1.0,47.655975341796875|-312.17431640625|0.0,11,47,True,,,6.6.1,VehiclesAhead,81.6926040649414|-342.19189453125|1.0,72.0577392578125|-335.52099609375|0.0,11,42,True,,,6.6.2,VehiclesAhead,202.0858612060547|-322.0159606933594|1.01959228515625,202.52171325683594|-341.010986328125|0.01959228515625,19,18,False,,,False,FAILURE,FAILURE,FAILURE,SUCCESS,34.99541354179382,VALID
6.7.0,VehiclesAhead,55.478919982910156|-320.8997802734375|1.0,47.655975341796875|-312.17431640625|0.0,11,47,True,,,6.7.1,VehiclesAhead,81.6926040649414|-342.19189453125|1.0,72.0577392578125|-335.52099609375|0.0,11,42,True,,,6.7.2,VehiclesAhead,202.0858612060547|-322.0159606933594|1.01959228515625,202.52171325683594|-341.010986328125|0.01959228515625,19,18,False,,,False,FAILURE,FAILURE,FAILURE,SUCCESS,35.766671718331054,VALID
7.0.0,VehiclesAhead,152.2447052001953|-364.48583984375|1.0,130.7848663330078|-361.8546142578125|0.0,21,16,True,,,7.0.1,DynamicObstaclesAhead,198.60971069335938|-323.09600830078125|0.01959228515625,202.52171325683594|-341.010986328125|0.01959228515625,18,30,6,,,7.0.2,CutIn,206.0207977294922|-340.93072509765625|0.01959228515625,202.2923126220703|-331.01361083984375|0.01959228515625,10,20,29,5,left,False,FAILURE,SUCCESS,FAILURE,FAILURE,80.00510124699213,VALID
7.1.0,VehiclesAhead,152.2447052001953|-364.48583984375|1.0,130.7848663330078|-361.8546142578125|0.0,21,16,True,,,7.1.1,DynamicObstaclesAhead,198.60971069335938|-323.09600830078125|0.01959228515625,202.52171325683594|-341.010986328125|0.01959228515625,18,30,6,,,7.1.2,CutIn,206.0207977294922|-340.93072509765625|0.01959228515625,202.2923126220703|-331.01361083984375|0.01959228515625,10,20,29,5,left,False,FAILURE,SUCCESS,FAILURE,SUCCESS,49.366323912516236,VALID
7.2.0,VehiclesAhead,152.2447052001953|-364.48583984375|1.0,130.7848663330078|-361.8546142578125|0.0,21,16,True,,,7.2.1,DynamicObstaclesAhead,198.60971069335938|-323.09600830078125|0.01959228515625,202.52171325683594|-341.010986328125|0.01959228515625,18,30,6,,,7.2.2,CutIn,206.0207977294922|-340.93072509765625|0.01959228515625,202.2923126220703|-331.01361083984375|0.01959228515625,10,20,29,5,left,False,SUCCESS,SUCCESS,SUCCESS,SUCCESS,50.15752480539959,VALID
7.3.0,VehiclesAhead,152.2447052001953|-364.48583984375|1.0,130.7848663330078|-361.8546142578125|0.0,21,16,True,,,7.3.1,DynamicObstaclesAhead,198.60971069335938|-323.09600830078125|0.01959228515625,202.52171325683594|-341.010986328125|0.01959228515625,18,30,6,,,7.3.2,CutIn,206.0207977294922|-340.93072509765625|0.01959228515625,202.2923126220703|-331.01361083984375|0.01959228515625,10,20,29,5,left,False,FAILURE,FAILURE,FAILURE,SUCCESS,34.88993955566548,VALID
7.4.0,VehiclesAhead,152.2447052001953|-364.48583984375|1.0,130.7848663330078|-361.8546142578125|0.0,21,16,True,,,7.4.1,DynamicObstaclesAhead,198.60971069335938|-323.09600830078125|0.01959228515625,202.52171325683594|-341.010986328125|0.01959228515625,18,30,6,,,7.4.2,CutIn,206.0207977294922|-340.93072509765625|0.01959228515625,202.2923126220703|-331.01361083984375|0.01959228515625,10,20,29,5,left,False,FAILURE,SUCCESS,FAILURE,SUCCESS,36.10199215169996,INVALID
7.5.0,VehiclesAhead,152.2447052001953|-364.48583984375|1.0,130.7848663330078|-361.8546142578125|0.0,21,16,True,,,7.5.1,DynamicObstaclesAhead,198.60971069335938|-323.09600830078125|0.01959228515625,202.52171325683594|-341.010986328125|0.01959228515625,18,30,6,,,7.5.2,CutIn,206.0207977294922|-340.93072509765625|0.01959228515625,202.2923126220703|-331.01361083984375|0.01959228515625,10,20,29,5,left,False,FAILURE,SUCCESS,FAILURE,SUCCESS,49.05882574850693,VALID
7.6.0,VehiclesAhead,152.2447052001953|-364.48583984375|1.0,130.7848663330078|-361.8546142578125|0.0,21,16,True,,,7.6.1,DynamicObstaclesAhead,198.60971069335938|-323.09600830078125|0.01959228515625,202.52171325683594|-341.010986328125|0.01959228515625,18,30,6,,,7.6.2,CutIn,206.0207977294922|-340.93072509765625|0.01959228515625,202.2923126220703|-331.01361083984375|0.01959228515625,10,20,29,5,left,False,FAILURE,FAILURE,FAILURE,SUCCESS,24.000132691930048,VALID
7.7.0,VehiclesAhead,152.2447052001953|-364.48583984375|1.0,130.7848663330078|-361.8546142578125|0.0,21,16,True,,,7.7.1,DynamicObstaclesAhead,198.60971069335938|-323.09600830078125|0.01959228515625,202.52171325683594|-341.010986328125|0.01959228515625,18,30,6,,,7.7.2,CutIn,206.0207977294922|-340.93072509765625|0.01959228515625,202.2923126220703|-331.01361083984375|0.01959228515625,10,20,29,5,left,False,FAILURE,FAILURE,FAILURE,SUCCESS,23.548625430092216,VALID
8.0.0,VehiclesAhead,172.36329650878906|-364.5351257324219|1.0,130.7848663330078|-361.8546142578125|0.0,41,37,True,,,8.0.1,DynamicObstaclesAhead,198.4720916748047|-317.09759521484375|0.01959228515625,202.52171325683594|-341.010986328125|0.01959228515625,31,15,6,,,8.0.2,CutIn,28.512819290161133|-289.8616943359375|0.0,36.99317932128906|-297.4712829589844|0.0,10,20,26,5,left,False,FAILURE,FAILURE,FAILURE,SUCCESS,35.305325102293864,VALID
8.1.0,VehiclesAhead,172.36329650878906|-364.5351257324219|1.0,130.7848663330078|-361.8546142578125|0.0,41,37,True,,,8.1.1,DynamicObstaclesAhead,198.4720916748047|-317.09759521484375|0.01959228515625,202.52171325683594|-341.010986328125|0.01959228515625,31,15,6,,,8.1.2,CutIn,28.512819290161133|-289.8616943359375|0.0,36.99317932128906|-297.4712829589844|0.0,10,20,26,5,left,False,SUCCESS,SUCCESS,SUCCESS,SUCCESS,50.966038623126224,VALID
8.2.0,VehiclesAhead,172.36329650878906|-364.5351257324219|1.0,130.7848663330078|-361.8546142578125|0.0,41,37,True,,,8.2.1,DynamicObstaclesAhead,198.4720916748047|-317.09759521484375|0.01959228515625,202.52171325683594|-341.010986328125|0.01959228515625,31,15,6,,,8.2.2,CutIn,28.512819290161133|-289.8616943359375|0.0,36.99317932128906|-297.4712829589844|0.0,10,20,26,5,left,False,SUCCESS,SUCCESS,SUCCESS,SUCCESS,46.68160712736426,VALID
8.3.0,VehiclesAhead,172.36329650878906|-364.5351257324219|1.0,130.7848663330078|-361.8546142578125|0.0,41,37,True,,,8.3.1,DynamicObstaclesAhead,198.4720916748047|-317.09759521484375|0.01959228515625,202.52171325683594|-341.010986328125|0.01959228515625,31,15,6,,,8.3.2,CutIn,28.512819290161133|-289.8616943359375|0.0,36.99317932128906|-297.4712829589844|0.0,10,20,26,5,left,False,SUCCESS,SUCCESS,SUCCESS,SUCCESS,46.77248320961371,VALID
8.4.0,VehiclesAhead,172.36329650878906|-364.5351257324219|1.0,130.7848663330078|-361.8546142578125|0.0,41,37,True,,,8.4.1,DynamicObstaclesAhead,198.4720916748047|-317.09759521484375|0.01959228515625,202.52171325683594|-341.010986328125|0.01959228515625,31,15,6,,,8.4.2,CutIn,28.512819290161133|-289.8616943359375|0.0,36.99317932128906|-297.4712829589844|0.0,10,20,26,5,left,False,SUCCESS,SUCCESS,SUCCESS,SUCCESS,53.544925295514986,VALID
8.5.0,VehiclesAhead,172.36329650878906|-364.5351257324219|1.0,130.7848663330078|-361.8546142578125|0.0,41,37,True,,,8.5.1,DynamicObstaclesAhead,198.4720916748047|-317.09759521484375|0.01959228515625,202.52171325683594|-341.010986328125|0.01959228515625,31,15,6,,,8.5.2,CutIn,28.512819290161133|-289.8616943359375|0.0,36.99317932128906|-297.4712829589844|0.0,10,20,26,5,left,False,SUCCESS,SUCCESS,SUCCESS,SUCCESS,53.51592135860119,VALID
8.6.0,VehiclesAhead,172.36329650878906|-364.5351257324219|1.0,130.7848663330078|-361.8546142578125|0.0,41,37,True,,,8.6.1,DynamicObstaclesAhead,198.4720916748047|-317.09759521484375|0.01959228515625,202.52171325683594|-341.010986328125|0.01959228515625,31,15,6,,,8.6.2,CutIn,28.512819290161133|-289.8616943359375|0.0,36.99317932128906|-297.4712829589844|0.0,10,20,26,5,left,False,FAILURE,FAILURE,FAILURE,SUCCESS,23.938107109512202,VALID
8.7.0,VehiclesAhead,172.36329650878906|-364.5351257324219|1.0,130.7848663330078|-361.8546142578125|0.0,41,37,True,,,8.7.1,DynamicObstaclesAhead,198.4720916748047|-317.09759521484375|0.01959228515625,202.52171325683594|-341.010986328125|0.01959228515625,31,15,6,,,8.7.2,CutIn,28.512819290161133|-289.8616943359375|0.0,36.99317932128906|-297.4712829589844|0.0,10,20,26,5,left,False,FAILURE,FAILURE,FAILURE,SUCCESS,24.825544592924416,VALID
9.0.0,CutIn,129.93174743652344|-365.2532958984375|0.0,141.2515411376953|-363.54583740234375|0.0,10,20,21,5,left,9.0.1,CutIn,206.0207977294922|-340.93072509765625|0.01959228515625,202.2923126220703|-331.01361083984375|0.01959228515625,10,20,22,5,left,9.0.2,CutIn,28.512819290161133|-289.8616943359375|0.0,36.99317932128906|-297.4712829589844|0.0,10,20,24,5,left,False,SUCCESS,SUCCESS,SUCCESS,SUCCESS,49.844774142839015,VALID
9.1.0,CutIn,129.93174743652344|-365.2532958984375|0.0,141.2515411376953|-363.54583740234375|0.0,10,20,21,5,left,9.1.1,CutIn,206.0207977294922|-340.93072509765625|0.01959228515625,202.2923126220703|-331.01361083984375|0.01959228515625,10,20,22,5,left,9.1.2,CutIn,28.512819290161133|-289.8616943359375|0.0,36.99317932128906|-297.4712829589844|0.0,10,20,24,5,left,False,FAILURE,SUCCESS,FAILURE,SUCCESS,33.44249429833144,INVALID
9.2.0,CutIn,129.93174743652344|-365.2532958984375|0.0,141.2515411376953|-363.54583740234375|0.0,10,20,21,5,left,9.2.1,CutIn,206.0207977294922|-340.93072509765625|0.01959228515625,202.2923126220703|-331.01361083984375|0.01959228515625,10,20,22,5,left,9.2.2,CutIn,28.512819290161133|-289.8616943359375|0.0,36.99317932128906|-297.4712829589844|0.0,10,20,24,5,left,False,FAILURE,SUCCESS,FAILURE,SUCCESS,34.077508684946224,INVALID
9.3.0,CutIn,129.93174743652344|-365.2532958984375|0.0,141.2515411376953|-363.54583740234375|0.0,10,20,21,5,left,9.3.1,CutIn,206.0207977294922|-340.93072509765625|0.01959228515625,202.2923126220703|-331.01361083984375|0.01959228515625,10,20,22,5,left,9.3.2,CutIn,28.512819290161133|-289.8616943359375|0.0,36.99317932128906|-297.4712829589844|0.0,10,20,24,5,left,False,FAILURE,SUCCESS,FAILURE,SUCCESS,34.12058866897132,INVALID
9.4.0,CutIn,129.93174743652344|-365.2532958984375|0.0,141.2515411376953|-363.54583740234375|0.0,10,20,21,5,left,9.4.1,CutIn,206.0207977294922|-340.93072509765625|0.01959228515625,202.2923126220703|-331.01361083984375|0.01959228515625,10,20,22,5,left,9.4.2,CutIn,28.512819290161133|-289.8616943359375|0.0,36.99317932128906|-297.4712829589844|0.0,10,20,24,5,left,False,SUCCESS,SUCCESS,SUCCESS,SUCCESS,54.21561474126065,VALID
9.5.0,CutIn,129.93174743652344|-365.2532958984375|0.0,141.2515411376953|-363.54583740234375|0.0,10,20,21,5,left,9.5.1,CutIn,206.0207977294922|-340.93072509765625|0.01959228515625,202.2923126220703|-331.01361083984375|0.01959228515625,10,20,22,5,left,9.5.2,CutIn,28.512819290161133|-289.8616943359375|0.0,36.99317932128906|-297.4712829589844|0.0,10,20,24,5,left,False,SUCCESS,SUCCESS,SUCCESS,SUCCESS,53.12513395701535,VALID
9.6.0,CutIn,129.93174743652344|-365.2532958984375|0.0,141.2515411376953|-363.54583740234375|0.0,10,20,21,5,left,9.6.1,CutIn,206.0207977294922|-340.93072509765625|0.01959228515625,202.2923126220703|-331.01361083984375|0.01959228515625,10,20,22,5,left,9.6.2,CutIn,28.512819290161133|-289.8616943359375|0.0,36.99317932128906|-297.4712829589844|0.0,10,20,24,5,left,False,FAILURE,SUCCESS,FAILURE,SUCCESS,32.73853957094252,INVALID
9.7.0,CutIn,129.93174743652344|-365.2532958984375|0.0,141.2515411376953|-363.54583740234375|0.0,10,20,21,5,left,9.7.1,CutIn,206.0207977294922|-340.93072509765625|0.01959228515625,202.2923126220703|-331.01361083984375|0.01959228515625,10,20,22,5,left,9.7.2,CutIn,28.512819290161133|-289.8616943359375|0.0,36.99317932128906|-297.4712829589844|0.0,10,20,24,5,left,False,FAILURE,SUCCESS,FAILURE,SUCCESS,34.00609904783778,INVALID